c[?7l[2J[0mSeaBIOS (version rel-1.17.0-0-gb52ca86e094d-prebuilt.qemu.org)
Booting from ROM..c[?7l[2J[    0.000000] Linux version 6.18.40 (user@no-plastic) (gcc (GCC) 15.2.0, GNU ld (GNU Binutils) 2.46) #14 SMP Sun Sep 13 02:19:22 IST 2026
[    0.000000] Command line: console=ttyS0 panic=-1 rdinit=/init intel_iommu=on iommu.strict=1
[    0.000000] BIOS-provided physical RAM map:
[    0.000000] BIOS-e820: [mem 0x0000000000000000-0x000000000009fbff] usable
[    0.000000] BIOS-e820: [mem 0x000000000009fc00-0x000000000009ffff] reserved
[    0.000000] BIOS-e820: [mem 0x00000000000f0000-0x00000000000fffff] reserved
[    0.000000] BIOS-e820: [mem 0x0000000000100000-0x000000003ffdffff] usable
[    0.000000] BIOS-e820: [mem 0x000000003ffe0000-0x000000003fffffff] reserved
[    0.000000] BIOS-e820: [mem 0x00000000b0000000-0x00000000bfffffff] reserved
[    0.000000] BIOS-e820: [mem 0x00000000fed1c000-0x00000000fed1ffff] reserved
[    0.000000] BIOS-e820: [mem 0x00000000feffc000-0x00000000feffffff] reserved
[    0.000000] BIOS-e820: [mem 0x00000000fffc0000-0x00000000ffffffff] reserved
[    0.000000] BIOS-e820: [mem 0x000000fd00000000-0x000000ffffffffff] reserved
[    0.000000] NX (Execute Disable) protection: active
[    0.000000] APIC: Static calls initialized
[    0.000000] SMBIOS 2.8 present.
[    0.000000] DMI: QEMU Standard PC (Q35 + ICH9, 2009), BIOS rel-1.17.0-0-gb52ca86e094d-prebuilt.qemu.org 04/01/2014
[    0.000000] DMI: Memory slots populated: 1/1
[    0.000000] last_pfn = 0x3ffe0 max_arch_pfn = 0x400000000
[    0.000000] MTRR map: 4 entries (3 fixed + 1 variable; max 19), built from 8 variable MTRRs
[    0.000000] x86/PAT: Configuration [0-7]: WB  WC  UC- UC  WB  WP  UC- WT  
[    0.000000] found SMP MP-table at [mem 0x000f54c0-0x000f54cf]
[    0.000000] Using GB pages for direct mapping
[    0.000000] RAMDISK: [mem 0x3f2a9000-0x3ffdffff]
[    0.000000] ACPI: Early table checksum verification disabled
[    0.000000] ACPI: RSDP 0x00000000000F52E0 000014 (v00 BOCHS )
[    0.000000] ACPI: RSDT 0x000000003FFE23A3 00003C (v01 BOCHS  BXPC     00000001 BXPC 00000001)
[    0.000000] ACPI: FACP 0x000000003FFE212B 0000F4 (v03 BOCHS  BXPC     00000001 BXPC 00000001)
[    0.000000] ACPI: DSDT 0x000000003FFE0040 0020EB (v01 BOCHS  BXPC     00000001 BXPC 00000001)
[    0.000000] ACPI: FACS 0x000000003FFE0000 000040
[    0.000000] ACPI: APIC 0x000000003FFE221F 000080 (v03 BOCHS  BXPC     00000001 BXPC 00000001)
[    0.000000] ACPI: HPET 0x000000003FFE229F 000038 (v01 BOCHS  BXPC     00000001 BXPC 00000001)
[    0.000000] ACPI: MCFG 0x000000003FFE22D7 00003C (v01 BOCHS  BXPC     00000001 BXPC 00000001)
[    0.000000] ACPI: DMAR 0x000000003FFE2313 000068 (v01 BOCHS  BXPC     00000001 BXPC 00000001)
[    0.000000] ACPI: WAET 0x000000003FFE237B 000028 (v01 BOCHS  BXPC     00000001 BXPC 00000001)
[    0.000000] ACPI: Reserving FACP table memory at [mem 0x3ffe212b-0x3ffe221e]
[    0.000000] ACPI: Reserving DSDT table memory at [mem 0x3ffe0040-0x3ffe212a]
[    0.000000] ACPI: Reserving FACS table memory at [mem 0x3ffe0000-0x3ffe003f]
[    0.000000] ACPI: Reserving APIC table memory at [mem 0x3ffe221f-0x3ffe229e]
[    0.000000] ACPI: Reserving HPET table memory at [mem 0x3ffe229f-0x3ffe22d6]
[    0.000000] ACPI: Reserving MCFG table memory at [mem 0x3ffe22d7-0x3ffe2312]
[    0.000000] ACPI: Reserving DMAR table memory at [mem 0x3ffe2313-0x3ffe237a]
[    0.000000] ACPI: Reserving WAET table memory at [mem 0x3ffe237b-0x3ffe23a2]
[    0.000000] Zone ranges:
[    0.000000]   DMA      [mem 0x0000000000001000-0x0000000000ffffff]
[    0.000000]   DMA32    [mem 0x0000000001000000-0x000000003ffdffff]
[    0.000000]   Normal   empty
[    0.000000] Movable zone start for each node
[    0.000000] Early memory node ranges
[    0.000000]   node   0: [mem 0x0000000000001000-0x000000000009efff]
[    0.000000]   node   0: [mem 0x0000000000100000-0x000000003ffdffff]
[    0.000000] Initmem setup node 0 [mem 0x0000000000001000-0x000000003ffdffff]
[    0.000000] On node 0, zone DMA: 1 pages in unavailable ranges
[    0.000000] On node 0, zone DMA: 97 pages in unavailable ranges
[    0.000000] On node 0, zone DMA32: 32 pages in unavailable ranges
[    0.000000] ACPI: PM-Timer IO Port: 0x608
[    0.000000] ACPI: LAPIC_NMI (acpi_id[0xff] dfl dfl lint[0x1])
[    0.000000] IOAPIC[0]: apic_id 0, version 32, address 0xfec00000, GSI 0-23
[    0.000000] ACPI: INT_SRC_OVR (bus 0 bus_irq 0 global_irq 2 dfl dfl)
[    0.000000] ACPI: INT_SRC_OVR (bus 0 bus_irq 5 global_irq 5 high level)
[    0.000000] ACPI: INT_SRC_OVR (bus 0 bus_irq 9 global_irq 9 high level)
[    0.000000] ACPI: INT_SRC_OVR (bus 0 bus_irq 10 global_irq 10 high level)
[    0.000000] ACPI: INT_SRC_OVR (bus 0 bus_irq 11 global_irq 11 high level)
[    0.000000] ACPI: Using ACPI (MADT) for SMP configuration information
[    0.000000] ACPI: HPET id: 0x8086a201 base: 0xfed00000
[    0.000000] TSC deadline timer available
[    0.000000] CPU topo: Max. logical packages:   1
[    0.000000] CPU topo: Max. logical dies:       1
[    0.000000] CPU topo: Max. dies per package:   1
[    0.000000] CPU topo: Max. threads per core:   1
[    0.000000] CPU topo: Num. cores per package:     2
[    0.000000] CPU topo: Num. threads per package:   2
[    0.000000] CPU topo: Allowing 2 present CPUs plus 0 hotplug CPUs
[    0.000000] [mem 0x40000000-0xafffffff] available for PCI devices
[    0.000000] clocksource: refined-jiffies: mask: 0xffffffff max_cycles: 0xffffffff, max_idle_ns: 7645519600211568 ns
[    0.000000] setup_percpu: NR_CPUS:2 nr_cpumask_bits:2 nr_cpu_ids:2 nr_node_ids:1
[    0.000000] percpu: Embedded 37 pages/cpu s119424 r0 d32128 u1048576
[    0.000000] Kernel command line: console=ttyS0 panic=-1 rdinit=/init intel_iommu=on iommu.strict=1
[    0.000000] DMAR: IOMMU enabled
[    0.000000] random: crng init done
[    0.000000] printk: log buffer data + meta data: 131072 + 458752 = 589824 bytes
[    0.000000] Dentry cache hash table entries: 131072 (order: 8, 1048576 bytes, linear)
[    0.000000] Inode-cache hash table entries: 65536 (order: 7, 524288 bytes, linear)
[    0.000000] Built 1 zonelists, mobility grouping on.  Total pages: 262014
[    0.000000] mem auto-init: stack:all(zero), heap alloc:off, heap free:off
[    0.000000] SLUB: HWalign=64, Order=0-3, MinObjects=0, CPUs=2, Nodes=1
[    0.000000] rcu: Hierarchical RCU implementation.
[    0.000000] rcu: 	RCU event tracing is enabled.
[    0.000000] rcu: RCU calculated value of scheduler-enlistment delay is 25 jiffies.
[    0.000000] NR_IRQS: 4352, nr_irqs: 440, preallocated irqs: 16
[    0.000000] rcu: srcu_init: Setting srcu_struct sizes based on contention.
[    0.000000] clocksource: jiffies: mask: 0xffffffff max_cycles: 0xffffffff, max_idle_ns: 7645041785100000 ns
[    0.000000] Console: colour *CGA 80x25
[    0.000000] printk: legacy console [ttyS0] enabled
[    0.000000] ACPI: Core revision 20250807
[    0.000000] clocksource: hpet: mask: 0xffffffff max_cycles: 0xffffffff, max_idle_ns: 19112604467 ns
[    0.004000] APIC: Switch to symmetric I/O mode setup
[    0.004000] DMAR: Host address width 48
[    0.004000] DMAR: DRHD base: 0x000000fed90000 flags: 0x0
[    0.004000] DMAR: dmar0: reg_base_addr fed90000 ver 1:0 cap 80d2008c222f0686 ecap f00f5a
[    0.004000] DMAR-IR: IOAPIC id 0 under DRHD base  0xfed90000 IOMMU 0
[    0.008000] DMAR-IR: Queued invalidation will be enabled to support x2apic and Intr-remapping.
[    0.008000] DMAR-IR: Enabled IRQ remapping in x2apic mode
[    0.008000] x2apic enabled
[    0.012000] APIC: Switched APIC routing to: cluster x2apic
[    0.012000] ..TIMER: vector=0x30 apic1=0 pin1=2 apic2=-1 pin2=-1
[    0.036000] tsc: PIT calibration matches HPET. 1 loops
[    0.036000] tsc: Detected 3992.511 MHz processor
[    0.000001] clocksource: tsc-early: mask: 0xffffffffffffffff max_cycles: 0x731973f59eb, max_idle_ns: 881590795001 ns
[    0.001744] Calibrating delay loop (skipped), value calculated using timer frequency.. 7985.02 BogoMIPS (lpj=15970044)
[    0.003574] x86/cpu: User Mode Instruction Prevention (UMIP) activated
[    0.005751] Last level iTLB entries: 4KB 512, 2MB 255, 4MB 127
[    0.006717] Last level dTLB entries: 4KB 512, 2MB 255, 4MB 127, 1GB 0
[    0.007778] mitigations: Enabled attack vectors: SMT mitigations: off
[    0.008857] Speculative Store Bypass: Vulnerable
[    0.009745] Spectre V2 : Vulnerable
[    0.010332] Speculative Return Stack Overflow: Vulnerable
[    0.011226] Spectre V1 : Vulnerable: __user pointer sanitization and usercopy barriers only; no swapgs barriers
[    0.012895] x86/fpu: Supporting XSAVE feature 0x001: 'x87 floating point registers'
[    0.013745] x86/fpu: Supporting XSAVE feature 0x002: 'SSE registers'
[    0.014806] x86/fpu: Supporting XSAVE feature 0x004: 'AVX registers'
[    0.015867] x86/fpu: Supporting XSAVE feature 0x020: 'AVX-512 opmask'
[    0.016931] x86/fpu: Supporting XSAVE feature 0x040: 'AVX-512 Hi256'
[    0.017745] x86/fpu: Supporting XSAVE feature 0x080: 'AVX-512 ZMM_Hi256'
[    0.018846] x86/fpu: Supporting XSAVE feature 0x200: 'Protection Keys User registers'
[    0.020136] x86/fpu: xstate_offset[2]:  576, xstate_sizes[2]:  256
[    0.021745] x86/fpu: xstate_offset[5]:  832, xstate_sizes[5]:   64
[    0.022767] x86/fpu: xstate_offset[6]:  896, xstate_sizes[6]:  512
[    0.023790] x86/fpu: xstate_offset[7]: 1408, xstate_sizes[7]: 1024
[    0.024815] x86/fpu: xstate_offset[9]: 2432, xstate_sizes[9]:    8
[    0.025744] x86/fpu: Enabled xstate features 0x2e7, context size is 2440 bytes, using 'compacted' format.
[    0.026905] Freeing SMP alternatives memory: 20K
[    0.027678] pid_max: default: 32768 minimum: 301
[    0.029759] Mount-cache hash table entries: 2048 (order: 2, 16384 bytes, linear)
[    0.030975] Mountpoint-cache hash table entries: 2048 (order: 2, 16384 bytes, linear)
[    0.032367] smpboot: CPU0: AMD Ryzen 9 7940HS w/ Radeon 780M Graphics (family: 0x19, model: 0x74, stepping: 0x1)
[    0.033744] Performance Events: Fam17h+ core perfctr, AMD PMU driver.
[    0.033744] ... version:                   2
[    0.033744] ... bit width:                 48
[    0.033746] ... generic counters:          6
[    0.034476] ... generic bitmap:            000000000000003f
[    0.035396] ... fixed-purpose counters:    0
[    0.036101] ... fixed-purpose bitmap:      0000000000000000
[    0.037028] ... value mask:                0000ffffffffffff
[    0.037746] ... max period:                00007fffffffffff
[    0.038688] ... global_ctrl mask:          000000000000003f
[    0.039679] signal: max sigframe size: 2976
[    0.040388] rcu: Hierarchical SRCU implementation.
[    0.041183] rcu: 	Max phase no-delay instances is 1000.
[    0.041778] smp: Bringing up secondary CPUs ...
[    0.042576] smpboot: x86: Booting SMP configuration:
[    0.043403] .... node  #0, CPUs:      #1
[    0.121786] smp: Brought up 1 node, 2 CPUs
[    0.123225] smpboot: Total of 2 processors activated (16048.24 BogoMIPS)
[    0.124474] Memory: 996260K/1048056K available (6753K kernel code, 834K rwdata, 1292K rodata, 928K init, 2252K bss, 46780K reserved, 0K cma-reserved)
[    0.125930] devtmpfs: initialized
[    0.126549] posixtimers hash table entries: 1024 (order: 2, 16384 bytes, linear)
[    0.127777] futex hash table entries: 512 (32768 bytes on 1 NUMA nodes, total 32 KiB, linear).
[    0.129211] NET: Registered PF_NETLINK/PF_ROUTE protocol family
[    0.129787] thermal_sys: Registered thermal governor 'step_wise'
[    0.129792] cpuidle: using governor ladder
[    0.132345] PCI: ECAM [mem 0xb0000000-0xbfffffff] (base 0xb0000000) for domain 0000 [bus 00-ff]
[    0.133749] PCI: ECAM [mem 0xb0000000-0xbfffffff] reserved as E820 entry
[    0.134855] PCI: Using configuration type 1 for base access
[    0.135987] ACPI: Added _OSI(Module Device)
[    0.135994] ACPI: Added _OSI(Processor Device)
[    0.135994] ACPI: Added _OSI(Processor Aggregator Device)
[    0.135994] ACPI: 1 ACPI AML tables successfully acquired and loaded
[    0.141561] ACPI: Interpreter enabled
[    0.141751] ACPI: PM: (supports S0 S5)
[    0.142391] ACPI: Using IOAPIC for interrupt routing
[    0.143262] PCI: Using host bridge windows from ACPI; if necessary, use "pci=nocrs" and report a bug
[    0.144781] PCI: Using E820 reservations for host bridge windows
[    0.145791] ACPI: Enabled 2 GPEs in block 00 to 3F
[    0.147702] ACPI: PCI Root Bridge [PCI0] (domain 0000 [bus 00-ff])
[    0.148751] acpi PNP0A08:00: _OSC: OS supports [ExtendedConfig ASPM ClockPM Segments MSI HPX-Type3]
[    0.149770] acpi PNP0A08:00: _OSC: platform does not support [LTR]
[    0.150888] acpi PNP0A08:00: _OSC: OS now controls [PME PCIeCapability]
[    0.152310] PCI host bridge to bus 0000:00
[    0.153075] pci_bus 0000:00: root bus resource [io  0x0000-0x0cf7 window]
[    0.153747] pci_bus 0000:00: root bus resource [io  0x0d00-0xffff window]
[    0.154884] pci_bus 0000:00: root bus resource [mem 0x000a0000-0x000bffff window]
[    0.156140] pci_bus 0000:00: root bus resource [mem 0x40000000-0xafffffff window]
[    0.157399] pci_bus 0000:00: root bus resource [mem 0xc0000000-0xfebfffff window]
[    0.157746] pci_bus 0000:00: root bus resource [mem 0x100000000-0x8ffffffff window]
[    0.159054] pci_bus 0000:00: root bus resource [bus 00-ff]
[    0.160048] pci 0000:00:00.0: [8086:29c0] type 00 class 0x060000 conventional PCI endpoint
[    0.162268] pci 0000:00:1f.0: [8086:2918] type 00 class 0x060100 conventional PCI endpoint
[    0.164084] pci 0000:00:1f.0: quirk: [io  0x0600-0x067f] claimed by ICH6 ACPI/GPIO/TCO
[    0.165668] pci 0000:00:1f.2: [8086:2922] type 00 class 0x010601 conventional PCI endpoint
[    0.166540] pci 0000:00:1f.2: BAR 4 [io  0xc040-0xc05f]
[    0.167443] pci 0000:00:1f.2: BAR 5 [mem 0xfebff000-0xfebfffff]
[    0.168830] pci 0000:00:1f.3: [8086:2930] type 00 class 0x0c0500 conventional PCI endpoint
[    0.170353] pci 0000:00:1f.3: BAR 4 [io  0x0700-0x073f]
[    0.172143] ACPI: PCI: Interrupt link LNKA configured for IRQ 10
[    0.173234] ACPI: PCI: Interrupt link LNKB configured for IRQ 10
[    0.173819] ACPI: PCI: Interrupt link LNKC configured for IRQ 11
[    0.174906] ACPI: PCI: Interrupt link LNKD configured for IRQ 11
[    0.175999] ACPI: PCI: Interrupt link LNKE configured for IRQ 10
[    0.177085] ACPI: PCI: Interrupt link LNKF configured for IRQ 10
[    0.177820] ACPI: PCI: Interrupt link LNKG configured for IRQ 11
[    0.178919] ACPI: PCI: Interrupt link LNKH configured for IRQ 11
[    0.180320] ACPI: PCI: Interrupt link GSIA configured for IRQ 16
[    0.181507] ACPI: PCI: Interrupt link GSIB configured for IRQ 17
[    0.181753] ACPI: PCI: Interrupt link GSIC configured for IRQ 18
[    0.182758] ACPI: PCI: Interrupt link GSID configured for IRQ 19
[    0.183764] ACPI: PCI: Interrupt link GSIE configured for IRQ 20
[    0.184917] ACPI: PCI: Interrupt link GSIF configured for IRQ 21
[    0.185753] ACPI: PCI: Interrupt link GSIG configured for IRQ 22
[    0.186739] ACPI: PCI: Interrupt link GSIH configured for IRQ 23
[    0.187841] iommu: Default domain type: Translated
[    0.188628] iommu: DMA domain TLB invalidation policy: strict mode (set via kernel command line)
[    0.189857] NET: Registered PF_INET protocol family
[    0.190669] NET: Registered PF_INET6 protocol family
[    0.191558] PCI: Using ACPI for IRQ routing
[    0.264836] vgaarb: loaded
[    0.265335] clocksource: Switched to clocksource tsc-early
[    0.265335] pnp: PnP ACPI init
[    0.265335] system 00:04: [mem 0xb0000000-0xbfffffff window] has been reserved
[    0.265335] pnp: PnP ACPI: found 5 devices
[    0.270619] clocksource: acpi_pm: mask: 0xffffff max_cycles: 0xffffff, max_idle_ns: 2085701024 ns
[    0.272100] NET: Registered PF_UNIX/PF_LOCAL protocol family
[    0.273053] pci_bus 0000:00: resource 4 [io  0x0000-0x0cf7 window]
[    0.274080] pci_bus 0000:00: resource 5 [io  0x0d00-0xffff window]
[    0.275097] pci_bus 0000:00: resource 6 [mem 0x000a0000-0x000bffff window]
[    0.276226] pci_bus 0000:00: resource 7 [mem 0x40000000-0xafffffff window]
[    0.277376] pci_bus 0000:00: resource 8 [mem 0xc0000000-0xfebfffff window]
[    0.278522] pci_bus 0000:00: resource 9 [mem 0x100000000-0x8ffffffff window]
[    0.279736] PCI: CLS 0 bytes, default 64
[    0.280396] DMAR: No RMRR found
[    0.280474] Unpacking initramfs...
[    0.280919] DMAR: No ATSR found
[    0.280920] DMAR: No SATC found
[    0.282929] DMAR: dmar0: Using Queued invalidation
[    0.283818] DMAR: IOMMU batching disallowed due to virtualization
[    0.284852] pci 0000:00:00.0: Adding to iommu group 0
[    0.285741] pci 0000:00:1f.0: Adding to iommu group 1
[    0.286613] pci 0000:00:1f.2: Adding to iommu group 1
[    0.287478] pci 0000:00:1f.3: Adding to iommu group 1
[    0.289414] DMAR: Intel(R) Virtualization Technology for Directed I/O
[    0.293814] workingset: timestamp_bits=62 max_order=18 bucket_order=0
[    0.295327] input: Power Button as /devices/LNXSYSTM:00/LNXPWRBN:00/input/input0
[    0.296587] ACPI: button: Power Button [PWRF]
[    0.297482] Serial: 8250/16550 driver, 4 ports, IRQ sharing disabled
[    0.298805] 00:02: ttyS0 at I/O 0x3f8 (irq = 4, base_baud = 115200) is a 16550A
[    0.300356] VFIO - User Level meta-driver version: 0.3
[    0.301240] amd_pstate: The CPPC feature is supported but currently disabled by the BIOS.
[    0.301240] Please enable it if your BIOS has the CPPC option.
[    0.303598] amd_pstate: the _CPC object is not present in SBIOS or ACPI disabled
[    0.304876] IPI shorthand broadcast: enabled
[    0.305798] sched_clock: Marking stable (344003530, -38255584)->(321115098, -15367152)
[    0.367767] Freeing initrd memory: 13532K
[    0.369824] Freeing unused kernel image (initmem) memory: 928K
[    0.370541] Write protecting the kernel read-only data: 10240k
[    0.371389] Freeing unused kernel image (text/rodata gap) memory: 1436K
[    0.372246] Freeing unused kernel image (rodata/data gap) memory: 756K
[    0.373056] Run /init as init process
CONFIG_SECCOMP=y
CONFIG_SECCOMP_FILTER=y
# CONFIG_SECCOMP_CACHE_DEBUG is not set
# CONFIG_INET is not set
CONFIG_NETSTACK3=y
PASS PROVIDER_ABSENT_NO_NATIVE_FALLBACK
PASS ENDPOINT_SCOPING_SATURATION_CLOSE
PASS ENDPOINT_CANCEL_AND_NONBLOCK
PASS ENDPOINT_LIFETIME_QUOTA
PASS PROVIDER_ABSENT_NO_NATIVE_FALLBACK
netstack3_provider_sandbox_ready=true uid=65534 gid=65534 empty_root=true own_netns=true no_new_privs=true seccomp_default=kill registration_fd=3 endpoint_scope=socket native_loopback=false
Name:	netstack3-provi
Umask:	0022
State:	S (sleeping)
Tgid:	50
Ngid:	0
Pid:	50
PPid:	1
TracerPid:	0
Uid:	65534	65534	65534	65534
Gid:	65534	65534	65534	65534
FDSize:	64
Groups:	 
NStgid:	50
NSpid:	50
NSpgid:	0
NSsid:	0
Kthread:	0
VmPeak:	    8196 kB
VmSize:	    8164 kB
VmLck:	       0 kB
VmPin:	       0 kB
VmHWM:	    5832 kB
VmRSS:	    5832 kB
RssAnon:	     428 kB
RssFile:	       4 kB
RssShmem:	    5400 kB
VmData:	     368 kB
VmStk:	     132 kB
VmExe:	    3756 kB
VmLib:	    1852 kB
VmPTE:	      60 kB
VmSwap:	       0 kB
CoreDumping:	0
THP_enabled:	0
untag_mask:	0xffffffffffffffff
Threads:	1
SigQ:	0/3913
SigPnd:	0000000000000000
ShdPnd:	0000000000000000
SigBlk:	0000000000000000
SigIgn:	0000000000001006
SigCgt:	0000000000000440
CapInh:	0000000000000000
CapPrm:	0000000000000000
CapEff:	0000000000000000
CapBnd:	0000000000000000
CapAmb:	0000000000000000
NoNewPrivs:	1
Seccomp:	2
Seccomp_filters:	1
Speculation_Store_Bypass:	vulnerable
SpeculationIndirectBranch:	always enabled
Cpus_allowed:	3
Cpus_allowed_list:	0-1
voluntary_ctxt_switches:	1
nonvoluntary_ctxt_switches:	0
served_netns=net:[4026531833] provider_netns=net:[4026532050]
SANDBOX_EMPTY_ROOT_VERIFIED
PASS REFUSED family=2 SO_ERROR clears
PASS REFUSED family=10 SO_ERROR clears
BENCH TCP family=2 seconds=0.004744 MBps=442.13
PASS TCP family=2 bytes=1048713 bidirectional integrity epoll nonblock halfclose dup fork
PASS UDP family=2 zero-datagram source peek truncation nonblock
BENCH TCP family=10 seconds=0.004164 MBps=503.65
PASS TCP family=10 bytes=1048713 bidirectional integrity epoll nonblock halfclose dup fork
PASS UDP family=10 zero-datagram source peek truncation nonblock
PASS LOOPBACK_SUITE
BENCH TCP family=2 seconds=0.229180 MBps=585.64
PASS TCP family=2 bytes=67108864 bidirectional integrity epoll nonblock halfclose dup fork
BENCH TCP family=10 seconds=0.232326 MBps=577.71
PASS TCP family=10 bytes=67108864 bidirectional integrity epoll nonblock halfclose dup fork
BENCH TCP family=2 seconds=0.023819 MBps=44.02
PASS TCP family=2 bytes=524288 bidirectional integrity epoll nonblock halfclose dup fork
BENCH TCP family=10 seconds=0.023771 MBps=44.11
PASS TCP family=10 bytes=524288 bidirectional integrity epoll nonblock halfclose dup fork
BENCH TCP family=10 seconds=0.023718 MBps=44.21
PASS TCP family=10 bytes=524288 bidirectional integrity epoll nonblock halfclose dup fork
BENCH TCP family=2 seconds=0.029882 MBps=35.09
PASS TCP family=2 bytes=524288 bidirectional integrity epoll nonblock halfclose dup fork
BENCH TCP family=2 seconds=0.031529 MBps=33.26
PASS TCP family=2 bytes=524288 bidirectional integrity epoll nonblock halfclose dup fork
BENCH TCP family=10 seconds=0.031807 MBps=32.97
PASS TCP family=10 bytes=524288 bidirectional integrity epoll nonblock halfclose dup fork
BENCH TCP family=2 seconds=0.035281 MBps=29.72
BENCH TCP family=2 seconds=0.035304 MBps=29.70
PASS TCP family=2 bytes=524288 bidirectional integrity epoll nonblock halfclose dup fork
PASS TCP family=2 bytes=524288 bidirectional integrity epoll nonblock halfclose dup fork
BENCH TCP family=10 seconds=0.039212 MBps=26.74
BENCH TCP family=2 seconds=0.039929 MBps=26.26
PASS TCP family=2 bytes=524288 bidirectional integrity epoll nonblock halfclose dup fork
PASS TCP family=10 bytes=524288 bidirectional integrity epoll nonblock halfclose dup fork
BENCH TCP family=10 seconds=0.042871 MBps=24.46
PASS TCP family=10 bytes=524288 bidirectional integrity epoll nonblock halfclose dup fork
BENCH TCP family=10 seconds=0.042868 MBps=24.46
PASS TCP family=10 bytes=524288 bidirectional integrity epoll nonblock halfclose dup fork
BENCH TCP family=10 seconds=0.046445 MBps=22.58
PASS TCP family=10 bytes=524288 bidirectional integrity epoll nonblock halfclose dup fork
BENCH TCP family=10 seconds=0.048924 MBps=21.43
PASS TCP family=10 bytes=524288 bidirectional integrity epoll nonblock halfclose dup fork
BENCH TCP family=2 seconds=0.050930 MBps=20.59
PASS TCP family=2 bytes=524288 bidirectional integrity epoll nonblock halfclose dup fork
BENCH TCP family=2 seconds=0.053072 MBps=19.76
PASS TCP family=2 bytes=524288 bidirectional integrity epoll nonblock halfclose dup fork
PASS PARALLEL_TCP_16
Killed
PASS PROVIDER_ABSENT_NO_NATIVE_FALLBACK
netstack3_provider_sandbox_ready=true uid=65534 gid=65534 empty_root=true own_netns=true no_new_privs=true seccomp_default=kill registration_fd=3 endpoint_scope=socket native_loopback=false
[    1.305904] tsc: Refined TSC clocksource calibration: 3992.516 MHz
[    1.306884] clocksource: tsc: mask: 0xffffffffffffffff max_cycles: 0x73197da999a, max_idle_ns: 881590514681 ns
[    1.308256] clocksource: Switched to clocksource tsc
DEATH_READY
PASS PROVIDER_DEATH_WAKE_AND_NO_RESURRECTION
PASS REFUSED family=2 SO_ERROR clears
PASS REFUSED family=10 SO_ERROR clears
BENCH TCP family=2 seconds=0.005147 MBps=407.48
PASS TCP family=2 bytes=1048713 bidirectional integrity epoll nonblock halfclose dup fork
PASS UDP family=2 zero-datagram source peek truncation nonblock
BENCH TCP family=10 seconds=0.004901 MBps=427.93
PASS TCP family=10 bytes=1048713 bidirectional integrity epoll nonblock halfclose dup fork
PASS UDP family=10 zero-datagram source peek truncation nonblock
PASS LOOPBACK_SUITE
Killed
PASS PROVIDER_ABSENT_NO_NATIVE_FALLBACK

running 1 test
netstack3_provider_sandbox_ready=true uid=65534 gid=65534 empty_root=true own_netns=true no_new_privs=true seccomp_default=kill registration_fd=3 endpoint_scope=socket native_loopback=false
provider_network_status=Acquiring ipv4=None dns=[None, None]
provider_network_status=Bound ipv4=Some([192, 0, 2, 10]) dns=[Some(192.0.2.1), None]
provider_network_status=Acquiring ipv4=None dns=[None, None]
PASS REFUSED family=2 SO_ERROR clears
PASS REFUSED family=10 SO_ERROR clears
BENCH TCP family=2 seconds=0.005182 MBps=404.79
PASS TCP family=2 bytes=1048713 bidirectional integrity epoll nonblock halfclose dup fork
PASS UDP family=2 zero-datagram source peek truncation nonblock
BENCH TCP family=10 seconds=0.005422 MBps=386.80
PASS TCP family=10 bytes=1048713 bidirectional integrity epoll nonblock halfclose dup fork
PASS UDP family=10 zero-datagram source peek truncation nonblock
PASS LOOPBACK_SUITE
PASS_KERNEL_PROVIDER_ETHERNET_DHCP_DNS_TCP
test integration_test::kernel_provider_ethernet_guest_fixture ... ok

test result: ok. 1 passed; 0 failed; 0 ignored; 0 measured; 42 filtered out; finished in 0.10s

PASS PROVIDER_ABSENT_NO_NATIVE_FALLBACK
PASS_KVM_PRODUCTION_LOOPBACK
[    3.272942] ACPI: PM: Preparing to enter system sleep state S5
[    3.273762] reboot: Restarting system
[    3.274423] reboot: machine restart
