=== Before: paused-reader regression ===
cSeaBIOS (version rel-1.17.0-0-gb52ca86e094d-prebuilt.qemu.org)
Booting from ROM...
Probing EDD (edd=off to disable)... oc[    0.000000] Linux version 7.3.0-rc2-drv-trial (user@no-plastic) (gcc (GCC) 15.2.0, GNU ld (GNU Binutils) 2.46) #44 SMP PREEMPT_DYNAMIC Wed Sep 16 23:57:43 IST 2026
[    0.000000] Command line: console=ttyS0 panic=-1 rdinit=/pressure-init
[    0.000000] BIOS-provided physical RAM map:
[    0.000000] BIOS-e820: [mem 0x0000000000000000-0x000000000009fbff]  System RAM
[    0.000000] BIOS-e820: [mem 0x000000000009fc00-0x000000000009ffff]  device reserved
[    0.000000] BIOS-e820: [gap 0x00000000000a0000-0x00000000000effff]
[    0.000000] BIOS-e820: [mem 0x00000000000f0000-0x00000000000fffff]  device reserved
[    0.000000] BIOS-e820: [mem 0x0000000000100000-0x000000005ffdffff]  System RAM
[    0.000000] BIOS-e820: [mem 0x000000005ffe0000-0x000000005fffffff]  device reserved
[    0.000000] BIOS-e820: [gap 0x0000000060000000-0x00000000afffffff]
[    0.000000] BIOS-e820: [mem 0x00000000b0000000-0x00000000bfffffff]  device reserved
[    0.000000] BIOS-e820: [gap 0x00000000c0000000-0x00000000fed1bfff]
[    0.000000] BIOS-e820: [mem 0x00000000fed1c000-0x00000000fed1ffff]  device reserved
[    0.000000] BIOS-e820: [gap 0x00000000fed20000-0x00000000feffbfff]
[    0.000000] BIOS-e820: [mem 0x00000000feffc000-0x00000000feffffff]  device reserved
[    0.000000] BIOS-e820: [gap 0x00000000ff000000-0x00000000fffbffff]
[    0.000000] BIOS-e820: [mem 0x00000000fffc0000-0x00000000ffffffff]  device reserved
[    0.000000] BIOS-e820: [gap 0x0000000100000000-0x000000fcffffffff]
[    0.000000] BIOS-e820: [mem 0x000000fd00000000-0x000000ffffffffff]  device reserved
[    0.000000] NX (Execute Disable) protection: active
[    0.000000] APIC: Static calls initialized
[    0.000000] DMI: SMBIOS 2.8 present.
[    0.000000] DMI: QEMU Standard PC (Q35 + ICH9, 2009), BIOS rel-1.17.0-0-gb52ca86e094d-prebuilt.qemu.org 04/01/2014
[    0.000000] DMI: Memory slots populated: 1/1
[    0.000000] Hypervisor detected: KVM
[    0.000000] last_pfn = 0x5ffe0 max_arch_pfn = 0x400000000
[    0.000000] kvm-clock: Using msrs 4b564d01 and 4b564d00
[    0.000002] kvm-clock: using sched offset of 191366609 cycles
[    0.000004] clocksource: kvm-clock: mask: 0xffffffffffffffff max_cycles: 0x1cd42e4dffb, max_idle_ns: 881590591483 ns
[    0.000010] tsc: Detected 3992.498 MHz processor
[    0.000368] last_pfn = 0x5ffe0 max_arch_pfn = 0x400000000
[    0.000415] MTRR map: 4 entries (3 fixed + 1 variable; max 19), built from 8 variable MTRRs
[    0.000419] x86/PAT: Configuration [0-7]: WB  WC  UC- UC  WB  WP  UC- WT
[    0.002657] found SMP MP-table at [mem 0x000f54c0-0x000f54cf]
[    0.002682] Using GB pages for direct mapping
[    0.002919] RAMDISK: [mem 0x5eaed000-0x5ffdffff]
[    0.002935] ACPI: Early table checksum verification disabled
[    0.002939] ACPI: RSDP 0x00000000000F52E0 000014 (v00 BOCHS )
[    0.002943] ACPI: RSDT 0x000000005FFE233B 000038 (v01 BOCHS  BXPC     00000001 BXPC 00000001)
[    0.002949] ACPI: FACP 0x000000005FFE212B 0000F4 (v03 BOCHS  BXPC     00000001 BXPC 00000001)
[    0.002955] ACPI: DSDT 0x000000005FFE0040 0020EB (v01 BOCHS  BXPC     00000001 BXPC 00000001)
[    0.002957] ACPI: FACS 0x000000005FFE0000 000040
[    0.002959] ACPI: APIC 0x000000005FFE221F 000080 (v03 BOCHS  BXPC     00000001 BXPC 00000001)
[    0.002961] ACPI: HPET 0x000000005FFE229F 000038 (v01 BOCHS  BXPC     00000001 BXPC 00000001)
[    0.002963] ACPI: MCFG 0x000000005FFE22D7 00003C (v01 BOCHS  BXPC     00000001 BXPC 00000001)
[    0.002965] ACPI: WAET 0x000000005FFE2313 000028 (v01 BOCHS  BXPC     00000001 BXPC 00000001)
[    0.002967] ACPI: Reserving FACP table memory at [mem 0x5ffe212b-0x5ffe221e]
[    0.002968] ACPI: Reserving DSDT table memory at [mem 0x5ffe0040-0x5ffe212a]
[    0.002969] ACPI: Reserving FACS table memory at [mem 0x5ffe0000-0x5ffe003f]
[    0.002970] ACPI: Reserving APIC table memory at [mem 0x5ffe221f-0x5ffe229e]
[    0.002971] ACPI: Reserving HPET table memory at [mem 0x5ffe229f-0x5ffe22d6]
[    0.002971] ACPI: Reserving MCFG table memory at [mem 0x5ffe22d7-0x5ffe2312]
[    0.002972] ACPI: Reserving WAET table memory at [mem 0x5ffe2313-0x5ffe233a]
[    0.003476] No NUMA configuration found
[    0.003478] Faking a node at [mem 0x0000000000000000-0x000000005ffdffff]
[    0.003482] NODE_DATA(0) allocated [mem 0x5eae6c40-0x5eaeccbf]
[    0.003994] ACPI: PM-Timer IO Port: 0x608
[    0.004008] ACPI: LAPIC_NMI (acpi_id[0xff] dfl dfl lint[0x1])
[    0.004101] IOAPIC[0]: apic_id 0, version 32, address 0xfec00000, GSI 0-23
[    0.004106] ACPI: INT_SRC_OVR (bus 0 bus_irq 0 global_irq 2 dfl dfl)
[    0.004108] ACPI: INT_SRC_OVR (bus 0 bus_irq 5 global_irq 5 high level)
[    0.004110] ACPI: INT_SRC_OVR (bus 0 bus_irq 9 global_irq 9 high level)
[    0.004111] ACPI: INT_SRC_OVR (bus 0 bus_irq 10 global_irq 10 high level)
[    0.004112] ACPI: INT_SRC_OVR (bus 0 bus_irq 11 global_irq 11 high level)
[    0.004115] ACPI: Using ACPI (MADT) for SMP configuration information
[    0.004116] ACPI: HPET id: 0x8086a201 base: 0xfed00000
[    0.004120] TSC deadline timer available
[    0.004123] CPU topo: Max. logical packages:   1
[    0.004124] CPU topo: Max. logical nodes:      1
[    0.004124] CPU topo: Num. nodes per package:  1
[    0.004127] CPU topo: Max. logical dies:       1
[    0.004127] CPU topo: Max. dies per package:   1
[    0.004131] CPU topo: Max. threads per core:   1
[    0.004132] CPU topo: Num. cores per package:     2
[    0.004132] CPU topo: Num. threads per package:   2
[    0.004133] CPU topo: Allowing 2 present CPUs plus 0 hotplug CPUs
[    0.004172] kvm-guest: APIC: eoi() replaced with kvm_guest_apic_eoi_write()
[    0.004192] kvm-guest: KVM setup pv remote TLB flush
[    0.004197] kvm-guest: setup PV sched yield
[    0.004211] PM: hibernation: Registered nosave memory: [mem 0x00000000-0x00000fff]
[    0.004212] PM: hibernation: Registered nosave memory: [mem 0x0009f000-0x000fffff]
[    0.004215] [gap 0x60000000-0xafffffff] available for PCI devices
[    0.004217] Booting paravirtualized kernel on KVM
[    0.004220] clocksource: refined-jiffies: mask: 0xffffffff max_cycles: 0xffffffff, max_idle_ns: 1910969940391419 ns
[    0.008298] Zone ranges:
[    0.008302]   DMA      [mem 0x0000000000001000-0x0000000000ffffff]
[    0.008306]   DMA32    [mem 0x0000000001000000-0x000000005ffdffff]
[    0.008307]   Normal   empty
[    0.008308]   Device   empty
[    0.008309] Movable zone start for each node
[    0.008309] Early memory node ranges
[    0.008310]   node   0: [mem 0x0000000000001000-0x000000000009efff]
[    0.008311]   node   0: [mem 0x0000000000100000-0x000000005ffdffff]
[    0.008313] Initmem setup node 0 [mem 0x0000000000001000-0x000000005ffdffff]
[    0.008481] On node 0, zone DMA: 1 pages in unavailable ranges
[    0.008492] On node 0, zone DMA: 97 pages in unavailable ranges
[    0.010652] On node 0, zone DMA32: 32 pages in unavailable ranges
[    0.010674] setup_percpu: NR_CPUS:384 nr_cpumask_bits:2 nr_cpu_ids:2 nr_node_ids:1
[    0.010915] percpu: Embedded 100 pages/cpu s286720 r8192 d114688 u1048576
[    0.010966] kvm-guest: PV spinlocks enabled
[    0.010968] PV qspinlock hash table entries: 256 (order: 0, 4096 bytes, linear)
[    0.011019] Kernel command line: console=ttyS0 panic=-1 rdinit=/pressure-init
[    0.011266] random: crng init done
[    0.011267] printk: log buffer data + meta data: 262144 + 1114112 = 1376256 bytes
[    0.011466] Dentry cache hash table entries: 262144 (order: 9, 2097152 bytes, linear)
[    0.011616] Inode-cache hash table entries: 131072 (order: 8, 1048576 bytes, linear)
[    0.011685] Fallback order for Node 0: 0
[    0.011689] Built 1 zonelists, mobility grouping on.  Total pages: 393086
[    0.011690] Policy zone: DMA32
[    0.011929] mem auto-init: stack:all(zero), heap alloc:on, heap free:off
[    0.018855] SLUB: HWalign=64, Order=0-3, MinObjects=0, CPUs=2, Nodes=1
[    0.019330] allocated 3145728 bytes of page_ext
[    0.032459] ftrace: allocating 46536 entries in 184 pages
[    0.032464] ftrace: allocated 184 pages with 4 groups
[    0.033687] Dynamic Preempt: lazy
[    0.033978] Running RCU self tests
[    0.033979] Running RCU synchronous self tests
[    0.033980] rcu: Preemptible hierarchical RCU implementation.
[    0.033981] rcu: 	RCU event tracing is enabled.
[    0.033981] rcu: 	RCU lockdep checking is enabled.
[    0.033981] rcu: 	RCU restricting CPUs from NR_CPUS=384 to nr_cpu_ids=2.
[    0.033983] 	Trampoline variant of Tasks RCU enabled.
[    0.033984] 	Rude variant of Tasks RCU enabled.
[    0.033984] 	Tracing variant of Tasks RCU enabled.
[    0.033985] rcu: RCU calculated value of scheduler-enlistment delay is 100 jiffies.
[    0.033986] rcu: Adjusting geometry for rcu_fanout_leaf=16, nr_cpu_ids=2
[    0.034014] Running RCU synchronous self tests
[    0.034024] RCU Tasks: Setting shift to 1 and lim to 1 rcu_task_cb_adjust=1 rcu_task_cpu_ids=2.
[    0.034026] RCU Tasks Rude: Setting shift to 1 and lim to 1 rcu_task_cb_adjust=1 rcu_task_cpu_ids=2.
[    0.042543] NR_IRQS: 24832, nr_irqs: 440, preallocated irqs: 16
[    0.042940] rcu: srcu_init: Setting srcu_struct sizes based on contention.
[    0.042956] clocksource: jiffies: mask: 0xffffffff max_cycles: 0xffffffff, max_idle_ns: 1911260446275000 ns
[    0.043202] kfence: initialized - using 2097152 bytes for 255 objects at 0x(____ptrval____)-0x(____ptrval____)
[    0.043516] Console: colour *CGA 80x25
[    0.043621] printk: console [ttyS0] enabled
[    0.257702] Lock dependency validator: Copyright (c) 2006 Red Hat, Inc., Ingo Molnar
[    0.260675] ... MAX_LOCKDEP_SUBCLASSES:  8
[    0.262257] ... MAX_LOCK_DEPTH:          48
[    0.263873] ... MAX_LOCKDEP_KEYS:        8192
[    0.265569] ... CLASSHASH_SIZE:          4096
[    0.267272] ... MAX_LOCKDEP_ENTRIES:     32768
[    0.268893] ... MAX_LOCKDEP_CHAINS:      65536
[    0.269682] ... CHAINHASH_SIZE:          32768
[    0.270482]  memory used by lock dependency info: 6429 kB
[    0.271446]  memory used for stack traces: 4224 kB
[    0.272310]  per task-struct memory footprint: 1920 bytes
[    0.274044] ACPI: Core revision 20260408
[    0.276153] clocksource: hpet: mask: 0xffffffff max_cycles: 0xffffffff, max_idle_ns: 19112604467 ns
[    0.280192] APIC: Switch to symmetric I/O mode setup
[    0.282480] x2apic enabled
[    0.286479] APIC: Switched APIC routing to: physical x2apic
[    0.287753] kvm-guest: APIC: send_IPI_mask() replaced with kvm_send_ipi_mask()
[    0.289361] kvm-guest: APIC: send_IPI_mask_allbutself() replaced with kvm_send_ipi_mask_allbutself()
[    0.291914] kvm-guest: setup PV IPIs
[    0.298039] ..TIMER: vector=0x30 apic1=0 pin1=2 apic2=-1 pin2=-1
[    0.299403] clocksource: tsc-early: mask: 0xffffffffffffffff max_cycles: 0x73195a15b42, max_idle_ns: 881590599626 ns
[    0.304734] Calibrating delay loop (skipped) preset value.. 7984.99 BogoMIPS (lpj=3992498)
[    0.306884] x86/cpu: User Mode Instruction Prevention (UMIP) activated
[    0.307884] Last level iTLB entries: 4KB 512, 2MB 255, 4MB 127
[    0.308735] Last level dTLB entries: 4KB 512, 2MB 255, 4MB 127, 1GB 0
[    0.309750] mitigations: Enabled attack vectors: user_kernel, user_user, guest_host, guest_guest, SMT mitigations: auto
[    0.310736] Speculative Store Bypass: Mitigation: Speculative Store Bypass disabled via prctl
[    0.311735] Spectre V2 : Mitigation: Enhanced / Automatic IBRS
[    0.312732] Speculative Return Stack Overflow: Mitigation: Safe RET
[    0.313734] Spectre V1 : Mitigation: usercopy/swapgs barriers and __user pointer sanitization
[    0.314758] Spectre V2 : Enabling IBPB for BPF
[    0.315736] Spectre V2 : mitigation: Enabling conditional Indirect Branch Prediction Barrier
[    0.316736] active return thunk: srso_alias_return_thunk
[    0.317788] x86/fpu: Supporting XSAVE feature 0x001: 'x87 floating point registers'
[    0.318735] x86/fpu: Supporting XSAVE feature 0x002: 'SSE registers'
[    0.319735] x86/fpu: Supporting XSAVE feature 0x004: 'AVX registers'
[    0.320733] x86/fpu: Supporting XSAVE feature 0x020: 'AVX-512 opmask'
[    0.322735] x86/fpu: Supporting XSAVE feature 0x040: 'AVX-512 Hi256'
[    0.324727] x86/fpu: Supporting XSAVE feature 0x080: 'AVX-512 ZMM_Hi256'
[    0.325734] x86/fpu: Supporting XSAVE feature 0x200: 'Protection Keys User registers'
[    0.326737] x86/fpu: xstate_offset[2]:  576, xstate_sizes[2]:  256
[    0.327735] x86/fpu: xstate_offset[5]:  832, xstate_sizes[5]:   64
[    0.328734] x86/fpu: xstate_offset[6]:  896, xstate_sizes[6]:  512
[    0.329736] x86/fpu: xstate_offset[7]: 1408, xstate_sizes[7]: 1024
[    0.330733] x86/fpu: xstate_offset[9]: 2432, xstate_sizes[9]:    8
[    0.331736] x86/fpu: Enabled xstate features 0x2e7, context size is 2440 bytes, using 'compacted' format.
[    0.383958] pid_max: default: 32768 minimum: 301
[    0.385261] landlock: Up and running.
[    0.385733] Yama: becoming mindful.
[    0.387812] AppArmor: AppArmor initialized
[    0.390485] LSM support for eBPF active
[    0.391044] Mount-cache hash table entries: 4096 (order: 3, 32768 bytes, linear)
[    0.391750] Mountpoint-cache hash table entries: 4096 (order: 3, 32768 bytes, linear)
[    0.394619] VFS: Finished mounting rootfs on nullfs
[    0.397214] Running RCU synchronous self tests
[    0.397734] Running RCU synchronous self tests
[    0.399932] smpboot: CPU0: AMD Ryzen 9 7940HS w/ Radeon 780M Graphics (family: 0x19, model: 0x74, stepping: 0x1)
[    0.402072] Performance Events: Fam17h+ core perfctr, AMD PMU driver.
[    0.402762] ... version:                   2
[    0.403736] ... bit width:                 48
[    0.404845] ... generic counters:          6
[    0.405735] ... generic bitmap:            000000000000003f
[    0.406740] ... fixed-purpose counters:    0
[    0.407741] ... fixed-purpose bitmap:      0000000000000000
[    0.408735] ... value mask:                0000ffffffffffff
[    0.409742] ... max period:                00007fffffffffff
[    0.410739] ... global_ctrl mask:          000000000000003f
[    0.412118] signal: max sigframe size: 3376
[    0.413130] rcu: Hierarchical SRCU implementation.
[    0.413134] rcu: 	Max phase no-delay instances is 400.
[    0.415102] Timer migration: 1 hierarchy levels; 8 children per group; 1 crossnode level
[    0.427157] smp: Bringing up secondary CPUs ...
[    0.428600] smpboot: x86: Booting SMP configuration:
[    0.428620] .... node  #0, CPUs:      #1
[    0.430905] smp: Brought up 1 node, 2 CPUs
[    0.430922] smpboot: Total of 2 processors activated (15969.99 BogoMIPS)
[    0.436097] Memory: 1452924K/1572344K available (17897K kernel code, 3094K rwdata, 8888K rodata, 3828K init, 15844K bss, 108360K reserved, 0K cma-reserved)
[    0.438083] devtmpfs: initialized
[    0.439452] x86/mm: Memory block size: 128MB
[    0.444367] Running RCU synchronous self tests
[    0.444404] Running RCU synchronous self tests
[    0.446816] Running RCU Tasks wait API self tests
[    0.447908] Running RCU Tasks Rude wait API self tests
[    0.447923] Running RCU Tasks Trace wait API self tests
[    0.450205] posixtimers hash table entries: 1024 (order: 5, 73728 bytes, linear)
[    0.450205] futex hash table entries: 512 (65536 bytes on 1 NUMA nodes, total 64 KiB, linear).
[    0.452662] PM: RTC time: 18:28:23, date: 2026-09-16
[    0.456801] NET: Registered PF_NETLINK/PF_ROUTE protocol family
[    0.457347] DMA: preallocated 256 KiB GFP_KERNEL|GFP_DMA pool for atomic allocations
[    0.457375] DMA: preallocated 256 KiB GFP_KERNEL|GFP_DMA32 pool for atomic allocations
[    0.457451] audit: initializing netlink subsys (disabled)
[    0.458724] thermal_sys: Registered thermal governor 'fair_share'
[    0.458724] thermal_sys: Registered thermal governor 'bang_bang'
[    0.458724] thermal_sys: Registered thermal governor 'step_wise'
[    0.458724] thermal_sys: Registered thermal governor 'user_space'
[    0.458724] thermal_sys: Registered thermal governor 'power_allocator'
[    0.458724] audit: type=2000 audit(1789583303.492:1): state=initialized audit_enabled=0 res=1
[    0.458758] cpuidle: using governor menu
[    0.460782] Callback from call_rcu_tasks_trace() invoked.
[    0.462724] acpiphp: ACPI Hot Plug PCI Controller Driver version: 0.5
[    0.464203] PCI: ECAM [mem 0xb0000000-0xbfffffff] (base 0xb0000000) for domain 0000 [bus 00-ff]
[    0.464213] PCI: ECAM [mem 0xb0000000-0xbfffffff] reserved as E820 entry
[    0.464252] PCI: Using configuration type 1 for base access
[    0.465025] kprobes: kprobe jump-optimization is enabled. All kprobes are optimized if possible.
[    0.474829] HugeTLB: registered 1.00 GiB page size, pre-allocated 0 pages
[    0.474829] HugeTLB: 16380 KiB vmemmap can be freed for a 1.00 GiB page
[    0.474829] HugeTLB: registered 2.00 MiB page size, pre-allocated 0 pages
[    0.474829] HugeTLB: 28 KiB vmemmap can be freed for a 2.00 MiB page
[    0.488724] ACPI: Added _OSI(Module Device)
[    0.488724] ACPI: Added _OSI(Processor Device)
[    0.488724] ACPI: Added _OSI(Processor Aggregator Device)
[    0.496207] ACPI: 1 ACPI AML tables successfully acquired and loaded
[    0.501041] ACPI: \_SB_: platform _OSC: OS support mask [002e7eff]
[    0.501724] ACPI: Interpreter enabled
[    0.501754] ACPI: PM: (supports S0 S3 S4 S5)
[    0.502475] ACPI: Using IOAPIC for interrupt routing
[    0.502475] PCI: Using host bridge windows from ACPI; if necessary, use "pci=nocrs" and report a bug
[    0.502475] PCI: Using E820 reservations for host bridge windows
[    0.502532] ACPI: Enabled 2 GPEs in block 00 to 3F
[    0.506724] ACPI: PCI Root Bridge [PCI0] (domain 0000 [bus 00-ff])
[    0.506751] acpi PNP0A08:00: _OSC: OS supports [ExtendedConfig ASPM ClockPM Segments MSI HPX-Type3]
[    0.506751] acpi PNP0A08:00: _OSC: platform does not support [PCIeHotplug LTR]
[    0.506751] acpi PNP0A08:00: _OSC: OS now controls [PME AER PCIeCapability]
[    0.506751] PCI host bridge to bus 0000:00
[    0.506751] pci_bus 0000:00: root bus resource [io  0x0000-0x0cf7 window]
[    0.506751] pci_bus 0000:00: root bus resource [io  0x0d00-0xffff window]
[    0.506751] pci_bus 0000:00: root bus resource [mem 0x000a0000-0x000bffff window]
[    0.506751] pci_bus 0000:00: root bus resource [mem 0x60000000-0xafffffff window]
[    0.506751] pci_bus 0000:00: root bus resource [mem 0xc0000000-0xfebfffff window]
[    0.506751] pci_bus 0000:00: root bus resource [mem 0x100000000-0x8ffffffff window]
[    0.506751] pci_bus 0000:00: root bus resource [bus 00-ff]
[    0.508227] pci 0000:00:00.0: [8086:29c0] type 00 class 0x060000 conventional PCI endpoint
[    0.508724] pci 0000:00:1f.0: [8086:2918] type 00 class 0x060100 conventional PCI endpoint
[    0.510724] pci 0000:00:1f.0: quirk: [io  0x0600-0x067f] claimed by ICH6 ACPI/GPIO/TCO
[    0.510724] pci 0000:00:1f.2: [8086:2922] type 00 class 0x010601 conventional PCI endpoint
[    0.511724] pci 0000:00:1f.2: BAR 4 [io  0xc040-0xc05f]
[    0.511724] pci 0000:00:1f.2: BAR 5 [mem 0xfebff000-0xfebfffff]
[    0.511724] pci 0000:00:1f.3: [8086:2930] type 00 class 0x0c0500 conventional PCI endpoint
[    0.513724] pci 0000:00:1f.3: BAR 4 [io  0x0700-0x073f]
[    0.516724] ACPI: PCI: Interrupt link LNKA configured for IRQ 10
[    0.516724] ACPI: PCI: Interrupt link LNKB configured for IRQ 10
[    0.516724] ACPI: PCI: Interrupt link LNKC configured for IRQ 11
[    0.516796] ACPI: PCI: Interrupt link LNKD configured for IRQ 11
[    0.517146] ACPI: PCI: Interrupt link LNKE configured for IRQ 10
[    0.517470] ACPI: PCI: Interrupt link LNKF configured for IRQ 10
[    0.517724] ACPI: PCI: Interrupt link LNKG configured for IRQ 11
[    0.517724] ACPI: PCI: Interrupt link LNKH configured for IRQ 11
[    0.517724] ACPI: PCI: Interrupt link GSIA configured for IRQ 16
[    0.517724] ACPI: PCI: Interrupt link GSIB configured for IRQ 17
[    0.517724] ACPI: PCI: Interrupt link GSIC configured for IRQ 18
[    0.517724] ACPI: PCI: Interrupt link GSID configured for IRQ 19
[    0.517724] ACPI: PCI: Interrupt link GSIE configured for IRQ 20
[    0.517724] ACPI: PCI: Interrupt link GSIF configured for IRQ 21
[    0.517724] ACPI: PCI: Interrupt link GSIG configured for IRQ 22
[    0.517724] ACPI: PCI: Interrupt link GSIH configured for IRQ 23
[    0.518724] iommu: Default domain type: Translated
[    0.518724] iommu: DMA domain TLB invalidation policy: lazy mode
[    0.520433] ACPI: bus type USB registered
[    0.520603] usbcore: registered new interface driver usbfs
[    0.520687] usbcore: registered new interface driver hub
[    0.520724] usbcore: registered new device driver usb
[    0.521936] NET: Registered PF_INET protocol family
[    0.521940] NET: Registered PF_INET6 protocol family
[    0.523213] PCI: Using ACPI for IRQ routing
[    0.644753] e820: register RAM buffer resource [mem 0x0009fc00-0x0009ffff]
[    0.644816] e820: register RAM buffer resource [mem 0x5ffe0000-0x5fffffff]
[    0.645134] vgaarb: loaded
[    0.645251] hpet0: at MMIO 0xfed00000, IRQs 2, 8, 0
[    0.645258] hpet0: 3 comparators, 64-bit 100.000000 MHz counter
[    0.650124] clocksource: Switched to clocksource kvm-clock
[    0.651158] VFS: Disk quotas dquot_6.6.0
[    0.651189] VFS: Dquot-cache hash table entries: 512 (4096 bytes)
[    0.659626] Callback from call_rcu_tasks() invoked.
[    0.661994] AppArmor: AppArmor Filesystem Enabled
[    0.662150] acpi PNP0C01:00: Reserved [mem 0xb0000000-0xbfffffff]
[    0.662252] pnp: PnP ACPI init
[    0.665843] pnp: PnP ACPI: found 3 devices
[    0.685752] clocksource: acpi_pm: mask: 0xffffff max_cycles: 0xffffff, max_idle_ns: 2085701024 ns
[    0.688087] NET: Registered PF_UNIX/PF_LOCAL protocol family
[    0.688161] NET: Registered PF_XDP protocol family
[    0.688178] pci_bus 0000:00: resource 4 [io  0x0000-0x0cf7 window]
[    0.688182] pci_bus 0000:00: resource 5 [io  0x0d00-0xffff window]
[    0.688184] pci_bus 0000:00: resource 6 [mem 0x000a0000-0x000bffff window]
[    0.688187] pci_bus 0000:00: resource 7 [mem 0x60000000-0xafffffff window]
[    0.688189] pci_bus 0000:00: resource 8 [mem 0xc0000000-0xfebfffff window]
[    0.688191] pci_bus 0000:00: resource 9 [mem 0x100000000-0x8ffffffff window]
[    0.688909] PCI: CLS 0 bytes, default 64
[    0.689288] clocksource: tsc: mask: 0xffffffffffffffff max_cycles: 0x73195a15b42, max_idle_ns: 881590599626 ns
[    0.690658] Trying to unpack rootfs image as initramfs...
[    0.696232] Initialise system trusted keyrings
[    0.699839] workingset: timestamp_bits=40 (anon: 35) max_order=19 bucket_order=0 (anon: 0)
[    0.725400] Key type asymmetric registered
[    0.725420] Asymmetric key parser 'x509' registered
[    0.725525] Block layer SCSI generic (bsg) driver version 0.4 loaded (major 248)
[    0.730432] io scheduler mq-deadline registered
[    0.730438] io scheduler kyber registered
[    0.738904] Serial: 8250/16550 driver, 4 ports, IRQ sharing enabled
[    0.742527] 00:02: ttyS0 I/O:0x3f8 (irq = 4, base_baud = 115200) is a 16550A
[    0.752992] ACPI: bus type drm_connector registered
[    0.757310] VFIO - User Level meta-driver version: 0.3
[    0.760288] usbcore: registered new interface driver usbserial_generic
[    0.760459] usbserial: USB Serial support registered for generic
[    0.760751] NET: Registered PF_PACKET protocol family
[    0.769695] IPI shorthand broadcast: enabled
[    0.820103] sched_clock: Marking stable (566022951, 253768120)->(990823581, -171032510)
[    0.823751] registered taskstats version 1
[    0.826104] Loading compiled-in X.509 certificates
[    0.934590] Demotion targets for Node 0: null
[    0.936728] Key type .fscrypt registered
[    0.936750] Key type fscrypt-provisioning registered
[    0.940925] AppArmor: AppArmor sha256 policy hashing enabled
[    0.941026] ima: No TPM chip found, activating TPM-bypass!
[    0.941052] ima: Allocated hash algorithm: sha1
[    0.948393] ima: No architecture policies found
[    0.950931] PM:   Magic number: 10:58:494
[    0.951419] RAS: Correctable Errors collector initialized.
[    0.954534] clk: Disabling unused clocks
[    0.954586] PM: genpd: Disabling unused power domains
[    1.015244] Freeing initrd memory: 21452K
[    1.026659] Freeing unused decrypted memory: 2028K
[    1.029031] Freeing unused kernel image (initmem) memory: 3828K
[    1.029071] Write protecting the kernel read-only data: 28672k
[    1.032995] Freeing unused kernel image (text/rodata gap) memory: 532K
[    1.036058] Freeing unused kernel image (rodata/data gap) memory: 1352K
[    1.080513] x86/mm: Checked W+X mappings: passed, no W+X pages found.
[    1.080573] Run /pressure-init as init process
FAIL epoll wait: Resource temporarily unavailable
netstack3_provider_sandbox_ready=true uid=65534 gid=65534 empty_root=true own_netns=true no_new_privs=true seccomp_default=kill registration_fd=3 endpoint_scope=socket native_loopback=false
PRESSURE_TEST_FAILED
[    7.221909] ACPI: PM: Preparing to enter system sleep state S5
[    7.223587] reboot: Restarting system
[    7.224016] reboot: machine restart

=== After: dynamic write interest and atomic-record capacity ===
cSeaBIOS (version rel-1.17.0-0-gb52ca86e094d-prebuilt.qemu.org)
Booting from ROM...
Probing EDD (edd=off to disable)... oc[    0.000000] Linux version 7.3.0-rc2-drv-trial (user@no-plastic) (gcc (GCC) 15.2.0, GNU ld (GNU Binutils) 2.46) #45 SMP PREEMPT_DYNAMIC Thu Sep 17 00:02:54 IST 2026
[    0.000000] Command line: console=ttyS0 panic=-1 rdinit=/pressure-init
[    0.000000] BIOS-provided physical RAM map:
[    0.000000] BIOS-e820: [mem 0x0000000000000000-0x000000000009fbff]  System RAM
[    0.000000] BIOS-e820: [mem 0x000000000009fc00-0x000000000009ffff]  device reserved
[    0.000000] BIOS-e820: [gap 0x00000000000a0000-0x00000000000effff]
[    0.000000] BIOS-e820: [mem 0x00000000000f0000-0x00000000000fffff]  device reserved
[    0.000000] BIOS-e820: [mem 0x0000000000100000-0x000000005ffdffff]  System RAM
[    0.000000] BIOS-e820: [mem 0x000000005ffe0000-0x000000005fffffff]  device reserved
[    0.000000] BIOS-e820: [gap 0x0000000060000000-0x00000000afffffff]
[    0.000000] BIOS-e820: [mem 0x00000000b0000000-0x00000000bfffffff]  device reserved
[    0.000000] BIOS-e820: [gap 0x00000000c0000000-0x00000000fed1bfff]
[    0.000000] BIOS-e820: [mem 0x00000000fed1c000-0x00000000fed1ffff]  device reserved
[    0.000000] BIOS-e820: [gap 0x00000000fed20000-0x00000000feffbfff]
[    0.000000] BIOS-e820: [mem 0x00000000feffc000-0x00000000feffffff]  device reserved
[    0.000000] BIOS-e820: [gap 0x00000000ff000000-0x00000000fffbffff]
[    0.000000] BIOS-e820: [mem 0x00000000fffc0000-0x00000000ffffffff]  device reserved
[    0.000000] BIOS-e820: [gap 0x0000000100000000-0x000000fcffffffff]
[    0.000000] BIOS-e820: [mem 0x000000fd00000000-0x000000ffffffffff]  device reserved
[    0.000000] NX (Execute Disable) protection: active
[    0.000000] APIC: Static calls initialized
[    0.000000] DMI: SMBIOS 2.8 present.
[    0.000000] DMI: QEMU Standard PC (Q35 + ICH9, 2009), BIOS rel-1.17.0-0-gb52ca86e094d-prebuilt.qemu.org 04/01/2014
[    0.000000] DMI: Memory slots populated: 1/1
[    0.000000] Hypervisor detected: KVM
[    0.000000] last_pfn = 0x5ffe0 max_arch_pfn = 0x400000000
[    0.000000] kvm-clock: Using msrs 4b564d01 and 4b564d00
[    0.000001] kvm-clock: using sched offset of 105230353 cycles
[    0.000002] clocksource: kvm-clock: mask: 0xffffffffffffffff max_cycles: 0x1cd42e4dffb, max_idle_ns: 881590591483 ns
[    0.000006] tsc: Detected 3992.498 MHz processor
[    0.000230] last_pfn = 0x5ffe0 max_arch_pfn = 0x400000000
[    0.000259] MTRR map: 4 entries (3 fixed + 1 variable; max 19), built from 8 variable MTRRs
[    0.000261] x86/PAT: Configuration [0-7]: WB  WC  UC- UC  WB  WP  UC- WT
[    0.001931] found SMP MP-table at [mem 0x000f54c0-0x000f54cf]
[    0.001944] Using GB pages for direct mapping
[    0.002093] RAMDISK: [mem 0x5ea18000-0x5ffdffff]
[    0.002098] ACPI: Early table checksum verification disabled
[    0.002101] ACPI: RSDP 0x00000000000F52E0 000014 (v00 BOCHS )
[    0.002103] ACPI: RSDT 0x000000005FFE233B 000038 (v01 BOCHS  BXPC     00000001 BXPC 00000001)
[    0.002107] ACPI: FACP 0x000000005FFE212B 0000F4 (v03 BOCHS  BXPC     00000001 BXPC 00000001)
[    0.002109] ACPI: DSDT 0x000000005FFE0040 0020EB (v01 BOCHS  BXPC     00000001 BXPC 00000001)
[    0.002111] ACPI: FACS 0x000000005FFE0000 000040
[    0.002112] ACPI: APIC 0x000000005FFE221F 000080 (v03 BOCHS  BXPC     00000001 BXPC 00000001)
[    0.002113] ACPI: HPET 0x000000005FFE229F 000038 (v01 BOCHS  BXPC     00000001 BXPC 00000001)
[    0.002115] ACPI: MCFG 0x000000005FFE22D7 00003C (v01 BOCHS  BXPC     00000001 BXPC 00000001)
[    0.002116] ACPI: WAET 0x000000005FFE2313 000028 (v01 BOCHS  BXPC     00000001 BXPC 00000001)
[    0.002117] ACPI: Reserving FACP table memory at [mem 0x5ffe212b-0x5ffe221e]
[    0.002118] ACPI: Reserving DSDT table memory at [mem 0x5ffe0040-0x5ffe212a]
[    0.002118] ACPI: Reserving FACS table memory at [mem 0x5ffe0000-0x5ffe003f]
[    0.002119] ACPI: Reserving APIC table memory at [mem 0x5ffe221f-0x5ffe229e]
[    0.002119] ACPI: Reserving HPET table memory at [mem 0x5ffe229f-0x5ffe22d6]
[    0.002119] ACPI: Reserving MCFG table memory at [mem 0x5ffe22d7-0x5ffe2312]
[    0.002120] ACPI: Reserving WAET table memory at [mem 0x5ffe2313-0x5ffe233a]
[    0.002457] No NUMA configuration found
[    0.002458] Faking a node at [mem 0x0000000000000000-0x000000005ffdffff]
[    0.002460] NODE_DATA(0) allocated [mem 0x5ea11c40-0x5ea17cbf]
[    0.002838] ACPI: PM-Timer IO Port: 0x608
[    0.002846] ACPI: LAPIC_NMI (acpi_id[0xff] dfl dfl lint[0x1])
[    0.002909] IOAPIC[0]: apic_id 0, version 32, address 0xfec00000, GSI 0-23
[    0.002913] ACPI: INT_SRC_OVR (bus 0 bus_irq 0 global_irq 2 dfl dfl)
[    0.002914] ACPI: INT_SRC_OVR (bus 0 bus_irq 5 global_irq 5 high level)
[    0.002915] ACPI: INT_SRC_OVR (bus 0 bus_irq 9 global_irq 9 high level)
[    0.002916] ACPI: INT_SRC_OVR (bus 0 bus_irq 10 global_irq 10 high level)
[    0.002916] ACPI: INT_SRC_OVR (bus 0 bus_irq 11 global_irq 11 high level)
[    0.002918] ACPI: Using ACPI (MADT) for SMP configuration information
[    0.002919] ACPI: HPET id: 0x8086a201 base: 0xfed00000
[    0.002921] TSC deadline timer available
[    0.002922] CPU topo: Max. logical packages:   1
[    0.002923] CPU topo: Max. logical nodes:      1
[    0.002923] CPU topo: Num. nodes per package:  1
[    0.002925] CPU topo: Max. logical dies:       1
[    0.002925] CPU topo: Max. dies per package:   1
[    0.002927] CPU topo: Max. threads per core:   1
[    0.002928] CPU topo: Num. cores per package:     2
[    0.002928] CPU topo: Num. threads per package:   2
[    0.002928] CPU topo: Allowing 2 present CPUs plus 0 hotplug CPUs
[    0.002950] kvm-guest: APIC: eoi() replaced with kvm_guest_apic_eoi_write()
[    0.002959] kvm-guest: KVM setup pv remote TLB flush
[    0.002962] kvm-guest: setup PV sched yield
[    0.002969] PM: hibernation: Registered nosave memory: [mem 0x00000000-0x00000fff]
[    0.002970] PM: hibernation: Registered nosave memory: [mem 0x0009f000-0x000fffff]
[    0.002972] [gap 0x60000000-0xafffffff] available for PCI devices
[    0.002973] Booting paravirtualized kernel on KVM
[    0.002975] clocksource: refined-jiffies: mask: 0xffffffff max_cycles: 0xffffffff, max_idle_ns: 1910969940391419 ns
[    0.006219] Zone ranges:
[    0.006219]   DMA      [mem 0x0000000000001000-0x0000000000ffffff]
[    0.006221]   DMA32    [mem 0x0000000001000000-0x000000005ffdffff]
[    0.006222]   Normal   empty
[    0.006222]   Device   empty
[    0.006223] Movable zone start for each node
[    0.006223] Early memory node ranges
[    0.006223]   node   0: [mem 0x0000000000001000-0x000000000009efff]
[    0.006224]   node   0: [mem 0x0000000000100000-0x000000005ffdffff]
[    0.006225] Initmem setup node 0 [mem 0x0000000000001000-0x000000005ffdffff]
[    0.006337] On node 0, zone DMA: 1 pages in unavailable ranges
[    0.006344] On node 0, zone DMA: 97 pages in unavailable ranges
[    0.007914] On node 0, zone DMA32: 32 pages in unavailable ranges
[    0.007931] setup_percpu: NR_CPUS:384 nr_cpumask_bits:2 nr_cpu_ids:2 nr_node_ids:1
[    0.008068] percpu: Embedded 100 pages/cpu s286720 r8192 d114688 u1048576
[    0.008102] kvm-guest: PV spinlocks enabled
[    0.008103] PV qspinlock hash table entries: 256 (order: 0, 4096 bytes, linear)
[    0.008141] Kernel command line: console=ttyS0 panic=-1 rdinit=/pressure-init
[    0.008368] random: crng init done
[    0.008368] printk: log buffer data + meta data: 262144 + 1114112 = 1376256 bytes
[    0.008483] Dentry cache hash table entries: 262144 (order: 9, 2097152 bytes, linear)
[    0.008577] Inode-cache hash table entries: 131072 (order: 8, 1048576 bytes, linear)
[    0.008625] Fallback order for Node 0: 0
[    0.008627] Built 1 zonelists, mobility grouping on.  Total pages: 393086
[    0.008628] Policy zone: DMA32
[    0.008763] mem auto-init: stack:all(zero), heap alloc:on, heap free:off
[    0.013263] SLUB: HWalign=64, Order=0-3, MinObjects=0, CPUs=2, Nodes=1
[    0.013499] allocated 3145728 bytes of page_ext
[    0.023293] ftrace: allocating 46536 entries in 184 pages
[    0.023296] ftrace: allocated 184 pages with 4 groups
[    0.024110] Dynamic Preempt: lazy
[    0.024315] Running RCU self tests
[    0.024316] Running RCU synchronous self tests
[    0.024316] rcu: Preemptible hierarchical RCU implementation.
[    0.024317] rcu: 	RCU event tracing is enabled.
[    0.024317] rcu: 	RCU lockdep checking is enabled.
[    0.024317] rcu: 	RCU restricting CPUs from NR_CPUS=384 to nr_cpu_ids=2.
[    0.024319] 	Trampoline variant of Tasks RCU enabled.
[    0.024319] 	Rude variant of Tasks RCU enabled.
[    0.024319] 	Tracing variant of Tasks RCU enabled.
[    0.024320] rcu: RCU calculated value of scheduler-enlistment delay is 100 jiffies.
[    0.024320] rcu: Adjusting geometry for rcu_fanout_leaf=16, nr_cpu_ids=2
[    0.024340] Running RCU synchronous self tests
[    0.024343] RCU Tasks: Setting shift to 1 and lim to 1 rcu_task_cb_adjust=1 rcu_task_cpu_ids=2.
[    0.024345] RCU Tasks Rude: Setting shift to 1 and lim to 1 rcu_task_cb_adjust=1 rcu_task_cpu_ids=2.
[    0.029266] NR_IRQS: 24832, nr_irqs: 440, preallocated irqs: 16
[    0.029561] rcu: srcu_init: Setting srcu_struct sizes based on contention.
[    0.029571] clocksource: jiffies: mask: 0xffffffff max_cycles: 0xffffffff, max_idle_ns: 1911260446275000 ns
[    0.029762] kfence: initialized - using 2097152 bytes for 255 objects at 0x(____ptrval____)-0x(____ptrval____)
[    0.029975] Console: colour *CGA 80x25
[    0.030042] printk: console [ttyS0] enabled
[    0.143141] Lock dependency validator: Copyright (c) 2006 Red Hat, Inc., Ingo Molnar
[    0.144196] ... MAX_LOCKDEP_SUBCLASSES:  8
[    0.144760] ... MAX_LOCK_DEPTH:          48
[    0.145341] ... MAX_LOCKDEP_KEYS:        8192
[    0.145946] ... CLASSHASH_SIZE:          4096
[    0.146543] ... MAX_LOCKDEP_ENTRIES:     32768
[    0.147155] ... MAX_LOCKDEP_CHAINS:      65536
[    0.147763] ... CHAINHASH_SIZE:          32768
[    0.148375]  memory used by lock dependency info: 6429 kB
[    0.149119]  memory used for stack traces: 4224 kB
[    0.149776]  per task-struct memory footprint: 1920 bytes
[    0.150586] ACPI: Core revision 20260408
[    0.151372] clocksource: hpet: mask: 0xffffffff max_cycles: 0xffffffff, max_idle_ns: 19112604467 ns
[    0.152831] APIC: Switch to symmetric I/O mode setup
[    0.154138] x2apic enabled
[    0.156911] APIC: Switched APIC routing to: physical x2apic
[    0.157675] kvm-guest: APIC: send_IPI_mask() replaced with kvm_send_ipi_mask()
[    0.158772] kvm-guest: APIC: send_IPI_mask_allbutself() replaced with kvm_send_ipi_mask_allbutself()
[    0.160070] kvm-guest: setup PV IPIs
[    0.166074] ..TIMER: vector=0x30 apic1=0 pin1=2 apic2=-1 pin2=-1
[    0.167039] clocksource: tsc-early: mask: 0xffffffffffffffff max_cycles: 0x73195a15b42, max_idle_ns: 881590599626 ns
[    0.168528] Calibrating delay loop (skipped) preset value.. 7984.99 BogoMIPS (lpj=3992498)
[    0.170555] x86/cpu: User Mode Instruction Prevention (UMIP) activated
[    0.171546] Last level iTLB entries: 4KB 512, 2MB 255, 4MB 127
[    0.172347] Last level dTLB entries: 4KB 512, 2MB 255, 4MB 127, 1GB 0
[    0.172532] mitigations: Enabled attack vectors: user_kernel, user_user, guest_host, guest_guest, SMT mitigations: auto
[    0.173527] Speculative Store Bypass: Mitigation: Speculative Store Bypass disabled via prctl
[    0.174527] Spectre V2 : Mitigation: Enhanced / Automatic IBRS
[    0.175527] Speculative Return Stack Overflow: Mitigation: Safe RET
[    0.176526] Spectre V1 : Mitigation: usercopy/swapgs barriers and __user pointer sanitization
[    0.177535] Spectre V2 : Enabling IBPB for BPF
[    0.178528] Spectre V2 : mitigation: Enabling conditional Indirect Branch Prediction Barrier
[    0.179527] active return thunk: srso_alias_return_thunk
[    0.180285] x86/fpu: Supporting XSAVE feature 0x001: 'x87 floating point registers'
[    0.181526] x86/fpu: Supporting XSAVE feature 0x002: 'SSE registers'
[    0.182407] x86/fpu: Supporting XSAVE feature 0x004: 'AVX registers'
[    0.182526] x86/fpu: Supporting XSAVE feature 0x020: 'AVX-512 opmask'
[    0.183526] x86/fpu: Supporting XSAVE feature 0x040: 'AVX-512 Hi256'
[    0.184526] x86/fpu: Supporting XSAVE feature 0x080: 'AVX-512 ZMM_Hi256'
[    0.185526] x86/fpu: Supporting XSAVE feature 0x200: 'Protection Keys User registers'
[    0.186527] x86/fpu: xstate_offset[2]:  576, xstate_sizes[2]:  256
[    0.187526] x86/fpu: xstate_offset[5]:  832, xstate_sizes[5]:   64
[    0.188526] x86/fpu: xstate_offset[6]:  896, xstate_sizes[6]:  512
[    0.189526] x86/fpu: xstate_offset[7]: 1408, xstate_sizes[7]: 1024
[    0.190526] x86/fpu: xstate_offset[9]: 2432, xstate_sizes[9]:    8
[    0.191526] x86/fpu: Enabled xstate features 0x2e7, context size is 2440 bytes, using 'compacted' format.
[    0.226229] pid_max: default: 32768 minimum: 301
[    0.226893] landlock: Up and running.
[    0.227527] Yama: becoming mindful.
[    0.228594] AppArmor: AppArmor initialized
[    0.229812] LSM support for eBPF active
[    0.230532] Mount-cache hash table entries: 4096 (order: 3, 32768 bytes, linear)
[    0.231533] Mountpoint-cache hash table entries: 4096 (order: 3, 32768 bytes, linear)
[    0.233189] VFS: Finished mounting rootfs on nullfs
[    0.235435] Running RCU synchronous self tests
[    0.235530] Running RCU synchronous self tests
[    0.236840] smpboot: CPU0: AMD Ryzen 9 7940HS w/ Radeon 780M Graphics (family: 0x19, model: 0x74, stepping: 0x1)
[    0.238316] Performance Events: Fam17h+ core perfctr, AMD PMU driver.
[    0.238549] ... version:                   2
[    0.239159] ... bit width:                 48
[    0.239529] ... generic counters:          6
[    0.240139] ... generic bitmap:            000000000000003f
[    0.240529] ... fixed-purpose counters:    0
[    0.241119] ... fixed-purpose bitmap:      0000000000000000
[    0.241529] ... value mask:                0000ffffffffffff
[    0.242316] ... max period:                00007fffffffffff
[    0.242529] ... global_ctrl mask:          000000000000003f
[    0.243515] signal: max sigframe size: 3376
[    0.243733] rcu: Hierarchical SRCU implementation.
[    0.243734] rcu: 	Max phase no-delay instances is 400.
[    0.244663] Timer migration: 1 hierarchy levels; 8 children per group; 1 crossnode level
[    0.252603] smp: Bringing up secondary CPUs ...
[    0.253830] smpboot: x86: Booting SMP configuration:
[    0.253836] .... node  #0, CPUs:      #1
[    0.254768] smp: Brought up 1 node, 2 CPUs
[    0.254768] smpboot: Total of 2 processors activated (15969.99 BogoMIPS)
[    0.256678] Memory: 1452068K/1572344K available (17897K kernel code, 3094K rwdata, 8888K rodata, 3828K init, 15844K bss, 109208K reserved, 0K cma-reserved)
[    0.257676] devtmpfs: initialized
[    0.257983] x86/mm: Memory block size: 128MB
[    0.261226] Running RCU synchronous self tests
[    0.261250] Running RCU synchronous self tests
[    0.262583] Running RCU Tasks wait API self tests
[    0.263543] Running RCU Tasks Rude wait API self tests
[    0.263543] Running RCU Tasks Trace wait API self tests
[    0.264578] posixtimers hash table entries: 1024 (order: 5, 73728 bytes, linear)
[    0.264637] futex hash table entries: 512 (65536 bytes on 1 NUMA nodes, total 64 KiB, linear).
[    0.265461] PM: RTC time: 18:33:17, date: 2026-09-16
[    0.267178] NET: Registered PF_NETLINK/PF_ROUTE protocol family
[    0.267541] DMA: preallocated 256 KiB GFP_KERNEL|GFP_DMA pool for atomic allocations
[    0.267548] DMA: preallocated 256 KiB GFP_KERNEL|GFP_DMA32 pool for atomic allocations
[    0.267548] audit: initializing netlink subsys (disabled)
[    0.267548] thermal_sys: Registered thermal governor 'fair_share'
[    0.267548] thermal_sys: Registered thermal governor 'bang_bang'
[    0.267548] thermal_sys: Registered thermal governor 'step_wise'
[    0.267548] thermal_sys: Registered thermal governor 'user_space'
[    0.267548] thermal_sys: Registered thermal governor 'power_allocator'
[    0.267548] audit: type=2000 audit(1789583597.588:1): state=initialized audit_enabled=0 res=1
[    0.269534] cpuidle: using governor menu
[    0.271548] Callback from call_rcu_tasks_trace() invoked.
[    0.271524] acpiphp: ACPI Hot Plug PCI Controller Driver version: 0.5
[    0.271524] PCI: ECAM [mem 0xb0000000-0xbfffffff] (base 0xb0000000) for domain 0000 [bus 00-ff]
[    0.271524] PCI: ECAM [mem 0xb0000000-0xbfffffff] reserved as E820 entry
[    0.271524] PCI: Using configuration type 1 for base access
[    0.272449] kprobes: kprobe jump-optimization is enabled. All kprobes are optimized if possible.
[    0.282555] HugeTLB: registered 1.00 GiB page size, pre-allocated 0 pages
[    0.282569] HugeTLB: 16380 KiB vmemmap can be freed for a 1.00 GiB page
[    0.282573] HugeTLB: registered 2.00 MiB page size, pre-allocated 0 pages
[    0.282577] HugeTLB: 28 KiB vmemmap can be freed for a 2.00 MiB page
[    0.288449] ACPI: Added _OSI(Module Device)
[    0.288545] ACPI: Added _OSI(Processor Device)
[    0.288545] ACPI: Added _OSI(Processor Aggregator Device)
[    0.292963] ACPI: 1 ACPI AML tables successfully acquired and loaded
[    0.294541] ACPI: \_SB_: platform _OSC: OS support mask [002e7eff]
[    0.295155] ACPI: Interpreter enabled
[    0.295230] ACPI: PM: (supports S0 S3 S4 S5)
[    0.295233] ACPI: Using IOAPIC for interrupt routing
[    0.295321] PCI: Using host bridge windows from ACPI; if necessary, use "pci=nocrs" and report a bug
[    0.295323] PCI: Using E820 reservations for host bridge windows
[    0.295723] ACPI: Enabled 2 GPEs in block 00 to 3F
[    0.301662] ACPI: PCI Root Bridge [PCI0] (domain 0000 [bus 00-ff])
[    0.301675] acpi PNP0A08:00: _OSC: OS supports [ExtendedConfig ASPM ClockPM Segments MSI HPX-Type3]
[    0.301842] acpi PNP0A08:00: _OSC: platform does not support [PCIeHotplug LTR]
[    0.302094] acpi PNP0A08:00: _OSC: OS now controls [PME AER PCIeCapability]
[    0.302524] PCI host bridge to bus 0000:00
[    0.302524] pci_bus 0000:00: root bus resource [io  0x0000-0x0cf7 window]
[    0.302524] pci_bus 0000:00: root bus resource [io  0x0d00-0xffff window]
[    0.302524] pci_bus 0000:00: root bus resource [mem 0x000a0000-0x000bffff window]
[    0.302524] pci_bus 0000:00: root bus resource [mem 0x60000000-0xafffffff window]
[    0.302524] pci_bus 0000:00: root bus resource [mem 0xc0000000-0xfebfffff window]
[    0.302524] pci_bus 0000:00: root bus resource [mem 0x100000000-0x8ffffffff window]
[    0.302524] pci_bus 0000:00: root bus resource [bus 00-ff]
[    0.302524] pci 0000:00:00.0: [8086:29c0] type 00 class 0x060000 conventional PCI endpoint
[    0.303757] pci 0000:00:1f.0: [8086:2918] type 00 class 0x060100 conventional PCI endpoint
[    0.304361] pci 0000:00:1f.0: quirk: [io  0x0600-0x067f] claimed by ICH6 ACPI/GPIO/TCO
[    0.305075] pci 0000:00:1f.2: [8086:2922] type 00 class 0x010601 conventional PCI endpoint
[    0.305524] pci 0000:00:1f.2: BAR 4 [io  0xc040-0xc05f]
[    0.305524] pci 0000:00:1f.2: BAR 5 [mem 0xfebff000-0xfebfffff]
[    0.306007] pci 0000:00:1f.3: [8086:2930] type 00 class 0x0c0500 conventional PCI endpoint
[    0.306524] pci 0000:00:1f.3: BAR 4 [io  0x0700-0x073f]
[    0.308524] ACPI: PCI: Interrupt link LNKA configured for IRQ 10
[    0.308524] ACPI: PCI: Interrupt link LNKB configured for IRQ 10
[    0.308524] ACPI: PCI: Interrupt link LNKC configured for IRQ 11
[    0.308524] ACPI: PCI: Interrupt link LNKD configured for IRQ 11
[    0.308524] ACPI: PCI: Interrupt link LNKE configured for IRQ 10
[    0.309580] ACPI: PCI: Interrupt link LNKF configured for IRQ 10
[    0.309817] ACPI: PCI: Interrupt link LNKG configured for IRQ 11
[    0.310055] ACPI: PCI: Interrupt link LNKH configured for IRQ 11
[    0.310134] ACPI: PCI: Interrupt link GSIA configured for IRQ 16
[    0.310165] ACPI: PCI: Interrupt link GSIB configured for IRQ 17
[    0.310194] ACPI: PCI: Interrupt link GSIC configured for IRQ 18
[    0.310222] ACPI: PCI: Interrupt link GSID configured for IRQ 19
[    0.310256] ACPI: PCI: Interrupt link GSIE configured for IRQ 20
[    0.310285] ACPI: PCI: Interrupt link GSIF configured for IRQ 21
[    0.310313] ACPI: PCI: Interrupt link GSIG configured for IRQ 22
[    0.310342] ACPI: PCI: Interrupt link GSIH configured for IRQ 23
[    0.311578] iommu: Default domain type: Translated
[    0.311580] iommu: DMA domain TLB invalidation policy: lazy mode
[    0.312916] ACPI: bus type USB registered
[    0.313021] usbcore: registered new interface driver usbfs
[    0.313073] usbcore: registered new interface driver hub
[    0.313105] usbcore: registered new device driver usb
[    0.313524] NET: Registered PF_INET protocol family
[    0.313524] NET: Registered PF_INET6 protocol family
[    0.313524] PCI: Using ACPI for IRQ routing
[    0.392528] e820: register RAM buffer resource [mem 0x0009fc00-0x0009ffff]
[    0.392546] e820: register RAM buffer resource [mem 0x5ffe0000-0x5fffffff]
[    0.392653] vgaarb: loaded
[    0.392690] hpet0: at MMIO 0xfed00000, IRQs 2, 8, 0
[    0.392695] hpet0: 3 comparators, 64-bit 100.000000 MHz counter
[    0.395537] clocksource: Switched to clocksource kvm-clock
[    0.396309] VFS: Disk quotas dquot_6.6.0
[    0.396313] VFS: Dquot-cache hash table entries: 512 (4096 bytes)
[    0.397480] AppArmor: AppArmor Filesystem Enabled
[    0.397567] acpi PNP0C01:00: Reserved [mem 0xb0000000-0xbfffffff]
[    0.397609] pnp: PnP ACPI init
[    0.398824] pnp: PnP ACPI: found 3 devices
[    0.411944] clocksource: acpi_pm: mask: 0xffffff max_cycles: 0xffffff, max_idle_ns: 2085701024 ns
[    0.412103] NET: Registered PF_UNIX/PF_LOCAL protocol family
[    0.412149] NET: Registered PF_XDP protocol family
[    0.412159] pci_bus 0000:00: resource 4 [io  0x0000-0x0cf7 window]
[    0.412162] pci_bus 0000:00: resource 5 [io  0x0d00-0xffff window]
[    0.412163] pci_bus 0000:00: resource 6 [mem 0x000a0000-0x000bffff window]
[    0.412165] pci_bus 0000:00: resource 7 [mem 0x60000000-0xafffffff window]
[    0.412166] pci_bus 0000:00: resource 8 [mem 0xc0000000-0xfebfffff window]
[    0.412167] pci_bus 0000:00: resource 9 [mem 0x100000000-0x8ffffffff window]
[    0.412290] PCI: CLS 0 bytes, default 64
[    0.412456] clocksource: tsc: mask: 0xffffffffffffffff max_cycles: 0x73195a15b42, max_idle_ns: 881590599626 ns
[    0.414461] Initialise system trusted keyrings
[    0.414802] workingset: timestamp_bits=40 (anon: 35) max_order=19 bucket_order=0 (anon: 0)
[    0.414825] Trying to unpack rootfs image as initramfs...
[    0.422675] Key type asymmetric registered
[    0.422686] Asymmetric key parser 'x509' registered
[    0.422734] Block layer SCSI generic (bsg) driver version 0.4 loaded (major 248)
[    0.423086] io scheduler mq-deadline registered
[    0.423088] io scheduler kyber registered
[    0.428034] Serial: 8250/16550 driver, 4 ports, IRQ sharing enabled
[    0.434027] 00:02: ttyS0 I/O:0x3f8 (irq = 4, base_baud = 115200) is a 16550A
[    0.441874] ACPI: bus type drm_connector registered
[    0.447017] VFIO - User Level meta-driver version: 0.3
[    0.447348] usbcore: registered new interface driver usbserial_generic
[    0.447404] usbserial: USB Serial support registered for generic
[    0.447563] NET: Registered PF_PACKET protocol family
[    0.449478] IPI shorthand broadcast: enabled
[    0.478088] Callback from call_rcu_tasks() invoked.
[    0.479828] sched_clock: Marking stable (346002327, 132953573)->(514886751, -35930851)
[    0.481586] registered taskstats version 1
[    0.481682] Loading compiled-in X.509 certificates
[    0.547429] Demotion targets for Node 0: null
[    0.547677] Key type .fscrypt registered
[    0.547681] Key type fscrypt-provisioning registered
[    0.550012] AppArmor: AppArmor sha256 policy hashing enabled
[    0.550046] ima: No TPM chip found, activating TPM-bypass!
[    0.550067] ima: Allocated hash algorithm: sha1
[    0.552374] ima: No architecture policies found
[    0.553314] PM:   Magic number: 10:161:595
[    0.553570] RAS: Correctable Errors collector initialized.
[    0.555107] clk: Disabling unused clocks
[    0.555874] PM: genpd: Disabling unused power domains
[    0.637708] Freeing initrd memory: 22304K
[    0.642678] Freeing unused decrypted memory: 2028K
[    0.644188] Freeing unused kernel image (initmem) memory: 3828K
[    0.644205] Write protecting the kernel read-only data: 28672k
[    0.645672] Freeing unused kernel image (text/rodata gap) memory: 532K
[    0.646601] Freeing unused kernel image (rodata/data gap) memory: 1352K
[    0.679083] x86/mm: Checked W+X mappings: passed, no W+X pages found.
[    0.679098] Run /pressure-init as init process
PASS_RX_BACKPRESSURE_WAKE family=2
PASS_RX_BACKPRESSURE_WAKE family=10
PASS_PRESSURE_GUEST
[    2.825752] ACPI: PM: Preparing to enter system sleep state S5
[    2.826485] reboot: Restarting system
[    2.826890] reboot: machine restart
