Candidate kernel #46; admitted passive storage, accepted native options.
cSeaBIOS (version rel-1.17.0-0-gb52ca86e094d-prebuilt.qemu.org)
Booting from ROM...
Probing EDD (edd=off to disable)... oc[    0.000000] Linux version 7.3.0-rc2-drv-trial (user@no-plastic) (gcc (GCC) 15.2.0, GNU ld (GNU Binutils) 2.46) #46 SMP PREEMPT_DYNAMIC Thu Sep 17 00:22:37 IST 2026
[    0.000000] Command line: console=ttyS0 panic=-1 rdinit=/init
[    0.000000] BIOS-provided physical RAM map:
[    0.000000] BIOS-e820: [mem 0x0000000000000000-0x000000000009fbff]  System RAM
[    0.000000] BIOS-e820: [mem 0x000000000009fc00-0x000000000009ffff]  device reserved
[    0.000000] BIOS-e820: [gap 0x00000000000a0000-0x00000000000effff]
[    0.000000] BIOS-e820: [mem 0x00000000000f0000-0x00000000000fffff]  device reserved
[    0.000000] BIOS-e820: [mem 0x0000000000100000-0x000000005ffdffff]  System RAM
[    0.000000] BIOS-e820: [mem 0x000000005ffe0000-0x000000005fffffff]  device reserved
[    0.000000] BIOS-e820: [gap 0x0000000060000000-0x00000000afffffff]
[    0.000000] BIOS-e820: [mem 0x00000000b0000000-0x00000000bfffffff]  device reserved
[    0.000000] BIOS-e820: [gap 0x00000000c0000000-0x00000000fed1bfff]
[    0.000000] BIOS-e820: [mem 0x00000000fed1c000-0x00000000fed1ffff]  device reserved
[    0.000000] BIOS-e820: [gap 0x00000000fed20000-0x00000000feffbfff]
[    0.000000] BIOS-e820: [mem 0x00000000feffc000-0x00000000feffffff]  device reserved
[    0.000000] BIOS-e820: [gap 0x00000000ff000000-0x00000000fffbffff]
[    0.000000] BIOS-e820: [mem 0x00000000fffc0000-0x00000000ffffffff]  device reserved
[    0.000000] BIOS-e820: [gap 0x0000000100000000-0x000000fcffffffff]
[    0.000000] BIOS-e820: [mem 0x000000fd00000000-0x000000ffffffffff]  device reserved
[    0.000000] NX (Execute Disable) protection: active
[    0.000000] APIC: Static calls initialized
[    0.000000] DMI: SMBIOS 2.8 present.
[    0.000000] DMI: QEMU Standard PC (Q35 + ICH9, 2009), BIOS rel-1.17.0-0-gb52ca86e094d-prebuilt.qemu.org 04/01/2014
[    0.000000] DMI: Memory slots populated: 1/1
[    0.000000] Hypervisor detected: KVM
[    0.000000] last_pfn = 0x5ffe0 max_arch_pfn = 0x400000000
[    0.000000] kvm-clock: Using msrs 4b564d01 and 4b564d00
[    0.000001] kvm-clock: using sched offset of 109871945 cycles
[    0.000002] clocksource: kvm-clock: mask: 0xffffffffffffffff max_cycles: 0x1cd42e4dffb, max_idle_ns: 881590591483 ns
[    0.000006] tsc: Detected 3992.498 MHz processor
[    0.000227] last_pfn = 0x5ffe0 max_arch_pfn = 0x400000000
[    0.000255] MTRR map: 4 entries (3 fixed + 1 variable; max 19), built from 8 variable MTRRs
[    0.000257] x86/PAT: Configuration [0-7]: WB  WC  UC- UC  WB  WP  UC- WT
[    0.001885] found SMP MP-table at [mem 0x000f54c0-0x000f54cf]
[    0.001899] Using GB pages for direct mapping
[    0.002026] RAMDISK: [mem 0x5c808000-0x5ffdffff]
[    0.002030] ACPI: Early table checksum verification disabled
[    0.002032] ACPI: RSDP 0x00000000000F52E0 000014 (v00 BOCHS )
[    0.002035] ACPI: RSDT 0x000000005FFE233B 000038 (v01 BOCHS  BXPC     00000001 BXPC 00000001)
[    0.002039] ACPI: FACP 0x000000005FFE212B 0000F4 (v03 BOCHS  BXPC     00000001 BXPC 00000001)
[    0.002042] ACPI: DSDT 0x000000005FFE0040 0020EB (v01 BOCHS  BXPC     00000001 BXPC 00000001)
[    0.002043] ACPI: FACS 0x000000005FFE0000 000040
[    0.002044] ACPI: APIC 0x000000005FFE221F 000080 (v03 BOCHS  BXPC     00000001 BXPC 00000001)
[    0.002046] ACPI: HPET 0x000000005FFE229F 000038 (v01 BOCHS  BXPC     00000001 BXPC 00000001)
[    0.002047] ACPI: MCFG 0x000000005FFE22D7 00003C (v01 BOCHS  BXPC     00000001 BXPC 00000001)
[    0.002048] ACPI: WAET 0x000000005FFE2313 000028 (v01 BOCHS  BXPC     00000001 BXPC 00000001)
[    0.002049] ACPI: Reserving FACP table memory at [mem 0x5ffe212b-0x5ffe221e]
[    0.002050] ACPI: Reserving DSDT table memory at [mem 0x5ffe0040-0x5ffe212a]
[    0.002050] ACPI: Reserving FACS table memory at [mem 0x5ffe0000-0x5ffe003f]
[    0.002051] ACPI: Reserving APIC table memory at [mem 0x5ffe221f-0x5ffe229e]
[    0.002051] ACPI: Reserving HPET table memory at [mem 0x5ffe229f-0x5ffe22d6]
[    0.002051] ACPI: Reserving MCFG table memory at [mem 0x5ffe22d7-0x5ffe2312]
[    0.002052] ACPI: Reserving WAET table memory at [mem 0x5ffe2313-0x5ffe233a]
[    0.002380] No NUMA configuration found
[    0.002382] Faking a node at [mem 0x0000000000000000-0x000000005ffdffff]
[    0.002384] NODE_DATA(0) allocated [mem 0x5c801c40-0x5c807cbf]
[    0.002744] ACPI: PM-Timer IO Port: 0x608
[    0.002751] ACPI: LAPIC_NMI (acpi_id[0xff] dfl dfl lint[0x1])
[    0.002814] IOAPIC[0]: apic_id 0, version 32, address 0xfec00000, GSI 0-23
[    0.002816] ACPI: INT_SRC_OVR (bus 0 bus_irq 0 global_irq 2 dfl dfl)
[    0.002818] ACPI: INT_SRC_OVR (bus 0 bus_irq 5 global_irq 5 high level)
[    0.002819] ACPI: INT_SRC_OVR (bus 0 bus_irq 9 global_irq 9 high level)
[    0.002819] ACPI: INT_SRC_OVR (bus 0 bus_irq 10 global_irq 10 high level)
[    0.002820] ACPI: INT_SRC_OVR (bus 0 bus_irq 11 global_irq 11 high level)
[    0.002822] ACPI: Using ACPI (MADT) for SMP configuration information
[    0.002822] ACPI: HPET id: 0x8086a201 base: 0xfed00000
[    0.002824] TSC deadline timer available
[    0.002826] CPU topo: Max. logical packages:   1
[    0.002827] CPU topo: Max. logical nodes:      1
[    0.002827] CPU topo: Num. nodes per package:  1
[    0.002828] CPU topo: Max. logical dies:       1
[    0.002829] CPU topo: Max. dies per package:   1
[    0.002831] CPU topo: Max. threads per core:   1
[    0.002832] CPU topo: Num. cores per package:     2
[    0.002832] CPU topo: Num. threads per package:   2
[    0.002832] CPU topo: Allowing 2 present CPUs plus 0 hotplug CPUs
[    0.002853] kvm-guest: APIC: eoi() replaced with kvm_guest_apic_eoi_write()
[    0.002862] kvm-guest: KVM setup pv remote TLB flush
[    0.002865] kvm-guest: setup PV sched yield
[    0.002872] PM: hibernation: Registered nosave memory: [mem 0x00000000-0x00000fff]
[    0.002873] PM: hibernation: Registered nosave memory: [mem 0x0009f000-0x000fffff]
[    0.002874] [gap 0x60000000-0xafffffff] available for PCI devices
[    0.002875] Booting paravirtualized kernel on KVM
[    0.002877] clocksource: refined-jiffies: mask: 0xffffffff max_cycles: 0xffffffff, max_idle_ns: 1910969940391419 ns
[    0.006037] Zone ranges:
[    0.006037]   DMA      [mem 0x0000000000001000-0x0000000000ffffff]
[    0.006039]   DMA32    [mem 0x0000000001000000-0x000000005ffdffff]
[    0.006040]   Normal   empty
[    0.006040]   Device   empty
[    0.006041] Movable zone start for each node
[    0.006041] Early memory node ranges
[    0.006041]   node   0: [mem 0x0000000000001000-0x000000000009efff]
[    0.006042]   node   0: [mem 0x0000000000100000-0x000000005ffdffff]
[    0.006043] Initmem setup node 0 [mem 0x0000000000001000-0x000000005ffdffff]
[    0.006253] On node 0, zone DMA: 1 pages in unavailable ranges
[    0.006260] On node 0, zone DMA: 97 pages in unavailable ranges
[    0.007646] On node 0, zone DMA32: 32 pages in unavailable ranges
[    0.007658] setup_percpu: NR_CPUS:384 nr_cpumask_bits:2 nr_cpu_ids:2 nr_node_ids:1
[    0.007805] percpu: Embedded 100 pages/cpu s286720 r8192 d114688 u1048576
[    0.008042] kvm-guest: PV spinlocks enabled
[    0.008043] PV qspinlock hash table entries: 256 (order: 0, 4096 bytes, linear)
[    0.008081] Kernel command line: console=ttyS0 panic=-1 rdinit=/init
[    0.008327] random: crng init done
[    0.008327] printk: log buffer data + meta data: 262144 + 1114112 = 1376256 bytes
[    0.008449] Dentry cache hash table entries: 262144 (order: 9, 2097152 bytes, linear)
[    0.008478] Inode-cache hash table entries: 131072 (order: 8, 1048576 bytes, linear)
[    0.008527] Fallback order for Node 0: 0
[    0.008529] Built 1 zonelists, mobility grouping on.  Total pages: 393086
[    0.008530] Policy zone: DMA32
[    0.008670] mem auto-init: stack:all(zero), heap alloc:on, heap free:off
[    0.013018] SLUB: HWalign=64, Order=0-3, MinObjects=0, CPUs=2, Nodes=1
[    0.013242] allocated 3145728 bytes of page_ext
[    0.022612] ftrace: allocating 46536 entries in 184 pages
[    0.022613] ftrace: allocated 184 pages with 4 groups
[    0.023365] Dynamic Preempt: lazy
[    0.023538] Running RCU self tests
[    0.023539] Running RCU synchronous self tests
[    0.023540] rcu: Preemptible hierarchical RCU implementation.
[    0.023540] rcu: 	RCU event tracing is enabled.
[    0.023540] rcu: 	RCU lockdep checking is enabled.
[    0.023541] rcu: 	RCU restricting CPUs from NR_CPUS=384 to nr_cpu_ids=2.
[    0.023542] 	Trampoline variant of Tasks RCU enabled.
[    0.023542] 	Rude variant of Tasks RCU enabled.
[    0.023542] 	Tracing variant of Tasks RCU enabled.
[    0.023543] rcu: RCU calculated value of scheduler-enlistment delay is 100 jiffies.
[    0.023543] rcu: Adjusting geometry for rcu_fanout_leaf=16, nr_cpu_ids=2
[    0.023561] Running RCU synchronous self tests
[    0.023564] RCU Tasks: Setting shift to 1 and lim to 1 rcu_task_cb_adjust=1 rcu_task_cpu_ids=2.
[    0.023565] RCU Tasks Rude: Setting shift to 1 and lim to 1 rcu_task_cb_adjust=1 rcu_task_cpu_ids=2.
[    0.028397] NR_IRQS: 24832, nr_irqs: 440, preallocated irqs: 16
[    0.028680] rcu: srcu_init: Setting srcu_struct sizes based on contention.
[    0.028690] clocksource: jiffies: mask: 0xffffffff max_cycles: 0xffffffff, max_idle_ns: 1911260446275000 ns
[    0.028886] kfence: initialized - using 2097152 bytes for 255 objects at 0x(____ptrval____)-0x(____ptrval____)
[    0.029086] Console: colour *CGA 80x25
[    0.029158] printk: console [ttyS0] enabled
[    0.140887] Lock dependency validator: Copyright (c) 2006 Red Hat, Inc., Ingo Molnar
[    0.141924] ... MAX_LOCKDEP_SUBCLASSES:  8
[    0.142480] ... MAX_LOCK_DEPTH:          48
[    0.143051] ... MAX_LOCKDEP_KEYS:        8192
[    0.143641] ... CLASSHASH_SIZE:          4096
[    0.144235] ... MAX_LOCKDEP_ENTRIES:     32768
[    0.144840] ... MAX_LOCKDEP_CHAINS:      65536
[    0.145441] ... CHAINHASH_SIZE:          32768
[    0.146048]  memory used by lock dependency info: 6429 kB
[    0.146780]  memory used for stack traces: 4224 kB
[    0.147427]  per task-struct memory footprint: 1920 bytes
[    0.148213] ACPI: Core revision 20260408
[    0.148970] clocksource: hpet: mask: 0xffffffff max_cycles: 0xffffffff, max_idle_ns: 19112604467 ns
[    0.150380] APIC: Switch to symmetric I/O mode setup
[    0.151677] x2apic enabled
[    0.153519] APIC: Switched APIC routing to: physical x2apic
[    0.154279] kvm-guest: APIC: send_IPI_mask() replaced with kvm_send_ipi_mask()
[    0.155381] kvm-guest: APIC: send_IPI_mask_allbutself() replaced with kvm_send_ipi_mask_allbutself()
[    0.156684] kvm-guest: setup PV IPIs
[    0.160619] ..TIMER: vector=0x30 apic1=0 pin1=2 apic2=-1 pin2=-1
[    0.161554] clocksource: tsc-early: mask: 0xffffffffffffffff max_cycles: 0x73195a15b42, max_idle_ns: 881590599626 ns
[    0.162991] Calibrating delay loop (skipped) preset value.. 7984.99 BogoMIPS (lpj=3992498)
[    0.164084] x86/cpu: User Mode Instruction Prevention (UMIP) activated
[    0.165062] Last level iTLB entries: 4KB 512, 2MB 255, 4MB 127
[    0.165989] Last level dTLB entries: 4KB 512, 2MB 255, 4MB 127, 1GB 0
[    0.166995] mitigations: Enabled attack vectors: user_kernel, user_user, guest_host, guest_guest, SMT mitigations: auto
[    0.167990] Speculative Store Bypass: Mitigation: Speculative Store Bypass disabled via prctl
[    0.168990] Spectre V2 : Mitigation: Enhanced / Automatic IBRS
[    0.169778] Speculative Return Stack Overflow: Mitigation: Safe RET
[    0.169989] Spectre V1 : Mitigation: usercopy/swapgs barriers and __user pointer sanitization
[    0.170998] Spectre V2 : Enabling IBPB for BPF
[    0.171605] Spectre V2 : mitigation: Enabling conditional Indirect Branch Prediction Barrier
[    0.171990] active return thunk: srso_alias_return_thunk
[    0.173013] x86/fpu: Supporting XSAVE feature 0x001: 'x87 floating point registers'
[    0.173989] x86/fpu: Supporting XSAVE feature 0x002: 'SSE registers'
[    0.174989] x86/fpu: Supporting XSAVE feature 0x004: 'AVX registers'
[    0.175989] x86/fpu: Supporting XSAVE feature 0x020: 'AVX-512 opmask'
[    0.176989] x86/fpu: Supporting XSAVE feature 0x040: 'AVX-512 Hi256'
[    0.177989] x86/fpu: Supporting XSAVE feature 0x080: 'AVX-512 ZMM_Hi256'
[    0.178906] x86/fpu: Supporting XSAVE feature 0x200: 'Protection Keys User registers'
[    0.178990] x86/fpu: xstate_offset[2]:  576, xstate_sizes[2]:  256
[    0.179828] x86/fpu: xstate_offset[5]:  832, xstate_sizes[5]:   64
[    0.179989] x86/fpu: xstate_offset[6]:  896, xstate_sizes[6]:  512
[    0.180989] x86/fpu: xstate_offset[7]: 1408, xstate_sizes[7]: 1024
[    0.181989] x86/fpu: xstate_offset[9]: 2432, xstate_sizes[9]:    8
[    0.182989] x86/fpu: Enabled xstate features 0x2e7, context size is 2440 bytes, using 'compacted' format.
[    0.217148] pid_max: default: 32768 minimum: 301
[    0.218128] landlock: Up and running.
[    0.218636] Yama: becoming mindful.
[    0.219241] AppArmor: AppArmor initialized
[    0.220552] LSM support for eBPF active
[    0.221141] Mount-cache hash table entries: 4096 (order: 3, 32768 bytes, linear)
[    0.221993] Mountpoint-cache hash table entries: 4096 (order: 3, 32768 bytes, linear)
[    0.223535] VFS: Finished mounting rootfs on nullfs
[    0.225625] Running RCU synchronous self tests
[    0.225991] Running RCU synchronous self tests
[    0.227149] smpboot: CPU0: AMD Ryzen 9 7940HS w/ Radeon 780M Graphics (family: 0x19, model: 0x74, stepping: 0x1)
[    0.228739] Performance Events: Fam17h+ core perfctr, AMD PMU driver.
[    0.229011] ... version:                   2
[    0.229596] ... bit width:                 48
[    0.229992] ... generic counters:          6
[    0.230574] ... generic bitmap:            000000000000003f
[    0.230992] ... fixed-purpose counters:    0
[    0.231580] ... fixed-purpose bitmap:      0000000000000000
[    0.231992] ... value mask:                0000ffffffffffff
[    0.232748] ... max period:                00007fffffffffff
[    0.232992] ... global_ctrl mask:          000000000000003f
[    0.233949] signal: max sigframe size: 3376
[    0.234158] rcu: Hierarchical SRCU implementation.
[    0.234159] rcu: 	Max phase no-delay instances is 400.
[    0.235120] Timer migration: 1 hierarchy levels; 8 children per group; 1 crossnode level
[    0.242929] smp: Bringing up secondary CPUs ...
[    0.244132] smpboot: x86: Booting SMP configuration:
[    0.244139] .... node  #0, CPUs:      #1
[    0.245236] smp: Brought up 1 node, 2 CPUs
[    0.245236] smpboot: Total of 2 processors activated (15969.99 BogoMIPS)
[    0.247149] Memory: 1417220K/1572344K available (17897K kernel code, 3094K rwdata, 8888K rodata, 3828K init, 15844K bss, 144088K reserved, 0K cma-reserved)
[    0.249534] devtmpfs: initialized
[    0.250256] x86/mm: Memory block size: 128MB
[    0.253248] Running RCU synchronous self tests
[    0.253260] Running RCU synchronous self tests
[    0.255023] Running RCU Tasks wait API self tests
[    0.255667] Running RCU Tasks Rude wait API self tests
[    0.255667] Running RCU Tasks Trace wait API self tests
[    0.257073] posixtimers hash table entries: 1024 (order: 5, 73728 bytes, linear)
[    0.257126] futex hash table entries: 512 (65536 bytes on 1 NUMA nodes, total 64 KiB, linear).
[    0.258613] PM: RTC time: 19:08:49, date: 2026-09-16
[    0.259700] NET: Registered PF_NETLINK/PF_ROUTE protocol family
[    0.260624] DMA: preallocated 256 KiB GFP_KERNEL|GFP_DMA pool for atomic allocations
[    0.260635] DMA: preallocated 256 KiB GFP_KERNEL|GFP_DMA32 pool for atomic allocations
[    0.260666] audit: initializing netlink subsys (disabled)
[    0.261393] thermal_sys: Registered thermal governor 'fair_share'
[    0.261395] thermal_sys: Registered thermal governor 'bang_bang'
[    0.261396] thermal_sys: Registered thermal governor 'step_wise'
[    0.261396] thermal_sys: Registered thermal governor 'user_space'
[    0.261397] thermal_sys: Registered thermal governor 'power_allocator'
[    0.261492] audit: type=2000 audit(1789585729.515:1): state=initialized audit_enabled=0 res=1
[    0.262010] cpuidle: using governor menu
[    0.264026] Callback from call_rcu_tasks_trace() invoked.
[    0.268311] acpiphp: ACPI Hot Plug PCI Controller Driver version: 0.5
[    0.268767] PCI: ECAM [mem 0xb0000000-0xbfffffff] (base 0xb0000000) for domain 0000 [bus 00-ff]
[    0.268772] PCI: ECAM [mem 0xb0000000-0xbfffffff] reserved as E820 entry
[    0.268783] PCI: Using configuration type 1 for base access
[    0.269143] kprobes: kprobe jump-optimization is enabled. All kprobes are optimized if possible.
[    0.282024] HugeTLB: registered 1.00 GiB page size, pre-allocated 0 pages
[    0.282031] HugeTLB: 16380 KiB vmemmap can be freed for a 1.00 GiB page
[    0.282035] HugeTLB: registered 2.00 MiB page size, pre-allocated 0 pages
[    0.282038] HugeTLB: 28 KiB vmemmap can be freed for a 2.00 MiB page
[    0.289518] ACPI: Added _OSI(Module Device)
[    0.289532] ACPI: Added _OSI(Processor Device)
[    0.289536] ACPI: Added _OSI(Processor Aggregator Device)
[    0.293952] ACPI: 1 ACPI AML tables successfully acquired and loaded
[    0.296123] ACPI: \_SB_: platform _OSC: OS support mask [002e7eff]
[    0.296620] ACPI: Interpreter enabled
[    0.296679] ACPI: PM: (supports S0 S3 S4 S5)
[    0.296681] ACPI: Using IOAPIC for interrupt routing
[    0.296749] PCI: Using host bridge windows from ACPI; if necessary, use "pci=nocrs" and report a bug
[    0.296750] PCI: Using E820 reservations for host bridge windows
[    0.297321] ACPI: Enabled 2 GPEs in block 00 to 3F
[    0.305106] ACPI: PCI Root Bridge [PCI0] (domain 0000 [bus 00-ff])
[    0.305118] acpi PNP0A08:00: _OSC: OS supports [ExtendedConfig ASPM ClockPM Segments MSI HPX-Type3]
[    0.305269] acpi PNP0A08:00: _OSC: platform does not support [PCIeHotplug LTR]
[    0.305524] acpi PNP0A08:00: _OSC: OS now controls [PME AER PCIeCapability]
[    0.306080] PCI host bridge to bus 0000:00
[    0.306089] pci_bus 0000:00: root bus resource [io  0x0000-0x0cf7 window]
[    0.306092] pci_bus 0000:00: root bus resource [io  0x0d00-0xffff window]
[    0.306094] pci_bus 0000:00: root bus resource [mem 0x000a0000-0x000bffff window]
[    0.306096] pci_bus 0000:00: root bus resource [mem 0x60000000-0xafffffff window]
[    0.306098] pci_bus 0000:00: root bus resource [mem 0xc0000000-0xfebfffff window]
[    0.306099] pci_bus 0000:00: root bus resource [mem 0x100000000-0x8ffffffff window]
[    0.306106] pci_bus 0000:00: root bus resource [bus 00-ff]
[    0.306369] pci 0000:00:00.0: [8086:29c0] type 00 class 0x060000 conventional PCI endpoint
[    0.308113] pci 0000:00:1f.0: [8086:2918] type 00 class 0x060100 conventional PCI endpoint
[    0.308734] pci 0000:00:1f.0: quirk: [io  0x0600-0x067f] claimed by ICH6 ACPI/GPIO/TCO
[    0.309466] pci 0000:00:1f.2: [8086:2922] type 00 class 0x010601 conventional PCI endpoint
[    0.310283] pci 0000:00:1f.2: BAR 4 [io  0xc040-0xc05f]
[    0.310296] pci 0000:00:1f.2: BAR 5 [mem 0xfebff000-0xfebfffff]
[    0.311208] pci 0000:00:1f.3: [8086:2930] type 00 class 0x0c0500 conventional PCI endpoint
[    0.311921] pci 0000:00:1f.3: BAR 4 [io  0x0700-0x073f]
[    0.314627] ACPI: PCI: Interrupt link LNKA configured for IRQ 10
[    0.314850] ACPI: PCI: Interrupt link LNKB configured for IRQ 10
[    0.315056] ACPI: PCI: Interrupt link LNKC configured for IRQ 11
[    0.315281] ACPI: PCI: Interrupt link LNKD configured for IRQ 11
[    0.315503] ACPI: PCI: Interrupt link LNKE configured for IRQ 10
[    0.315731] ACPI: PCI: Interrupt link LNKF configured for IRQ 10
[    0.315956] ACPI: PCI: Interrupt link LNKG configured for IRQ 11
[    0.316176] ACPI: PCI: Interrupt link LNKH configured for IRQ 11
[    0.316247] ACPI: PCI: Interrupt link GSIA configured for IRQ 16
[    0.316277] ACPI: PCI: Interrupt link GSIB configured for IRQ 17
[    0.316305] ACPI: PCI: Interrupt link GSIC configured for IRQ 18
[    0.316333] ACPI: PCI: Interrupt link GSID configured for IRQ 19
[    0.316361] ACPI: PCI: Interrupt link GSIE configured for IRQ 20
[    0.316389] ACPI: PCI: Interrupt link GSIF configured for IRQ 21
[    0.316416] ACPI: PCI: Interrupt link GSIG configured for IRQ 22
[    0.316444] ACPI: PCI: Interrupt link GSIH configured for IRQ 23
[    0.319024] iommu: Default domain type: Translated
[    0.319024] iommu: DMA domain TLB invalidation policy: lazy mode
[    0.322501] ACPI: bus type USB registered
[    0.322650] usbcore: registered new interface driver usbfs
[    0.322733] usbcore: registered new interface driver hub
[    0.322775] usbcore: registered new device driver usb
[    0.326642] NET: Registered PF_INET protocol family
[    0.326644] NET: Registered PF_INET6 protocol family
[    0.328248] PCI: Using ACPI for IRQ routing
[    0.412013] e820: register RAM buffer resource [mem 0x0009fc00-0x0009ffff]
[    0.412048] e820: register RAM buffer resource [mem 0x5ffe0000-0x5fffffff]
[    0.412201] vgaarb: loaded
[    0.412238] hpet0: at MMIO 0xfed00000, IRQs 2, 8, 0
[    0.412243] hpet0: 3 comparators, 64-bit 100.000000 MHz counter
[    0.415546] clocksource: Switched to clocksource kvm-clock
[    0.418391] VFS: Disk quotas dquot_6.6.0
[    0.418451] VFS: Dquot-cache hash table entries: 512 (4096 bytes)
[    0.420799] AppArmor: AppArmor Filesystem Enabled
[    0.421130] acpi PNP0C01:00: Reserved [mem 0xb0000000-0xbfffffff]
[    0.421203] pnp: PnP ACPI init
[    0.422474] pnp: PnP ACPI: found 3 devices
[    0.435497] clocksource: acpi_pm: mask: 0xffffff max_cycles: 0xffffff, max_idle_ns: 2085701024 ns
[    0.435610] NET: Registered PF_UNIX/PF_LOCAL protocol family
[    0.435656] NET: Registered PF_XDP protocol family
[    0.435664] pci_bus 0000:00: resource 4 [io  0x0000-0x0cf7 window]
[    0.435666] pci_bus 0000:00: resource 5 [io  0x0d00-0xffff window]
[    0.435668] pci_bus 0000:00: resource 6 [mem 0x000a0000-0x000bffff window]
[    0.435669] pci_bus 0000:00: resource 7 [mem 0x60000000-0xafffffff window]
[    0.435670] pci_bus 0000:00: resource 8 [mem 0xc0000000-0xfebfffff window]
[    0.435671] pci_bus 0000:00: resource 9 [mem 0x100000000-0x8ffffffff window]
[    0.435778] PCI: CLS 0 bytes, default 64
[    0.435918] clocksource: tsc: mask: 0xffffffffffffffff max_cycles: 0x73195a15b42, max_idle_ns: 881590599626 ns
[    0.437541] Trying to unpack rootfs image as initramfs...
[    0.438020] Initialise system trusted keyrings
[    0.442913] workingset: timestamp_bits=40 (anon: 35) max_order=19 bucket_order=0 (anon: 0)
[    0.456039] Key type asymmetric registered
[    0.456056] Asymmetric key parser 'x509' registered
[    0.456100] Block layer SCSI generic (bsg) driver version 0.4 loaded (major 248)
[    0.456447] io scheduler mq-deadline registered
[    0.456449] io scheduler kyber registered
[    0.461415] Callback from call_rcu_tasks() invoked.
[    0.463108] Serial: 8250/16550 driver, 4 ports, IRQ sharing enabled
[    0.463970] 00:02: ttyS0 I/O:0x3f8 (irq = 4, base_baud = 115200) is a 16550A
[    0.470394] ACPI: bus type drm_connector registered
[    0.473168] VFIO - User Level meta-driver version: 0.3
[    0.474217] usbcore: registered new interface driver usbserial_generic
[    0.474286] usbserial: USB Serial support registered for generic
[    0.476257] NET: Registered PF_PACKET protocol family
[    0.477838] IPI shorthand broadcast: enabled
[    0.506076] sched_clock: Marking stable (377003542, 128297671)->(514855543, -9554330)
[    0.507664] registered taskstats version 1
[    0.507757] Loading compiled-in X.509 certificates
[    0.573137] Demotion targets for Node 0: null
[    0.574013] Key type .fscrypt registered
[    0.574022] Key type fscrypt-provisioning registered
[    0.575694] AppArmor: AppArmor sha256 policy hashing enabled
[    0.575726] ima: No TPM chip found, activating TPM-bypass!
[    0.575746] ima: Allocated hash algorithm: sha1
[    0.578199] ima: No architecture policies found
[    0.579152] PM:   Magic number: 10:302:142
[    0.580015] RAS: Correctable Errors collector initialized.
[    0.581417] clk: Disabling unused clocks
[    0.581445] PM: genpd: Disabling unused power domains
[    1.079833] Freeing initrd memory: 57184K
[    1.084704] Freeing unused decrypted memory: 2028K
[    1.086255] Freeing unused kernel image (initmem) memory: 3828K
[    1.086273] Write protecting the kernel read-only data: 28672k
[    1.087482] Freeing unused kernel image (text/rodata gap) memory: 532K
[    1.088451] Freeing unused kernel image (rodata/data gap) memory: 1352K
[    1.119457] x86/mm: Checked W+X mappings: passed, no W+X pages found.
[    1.119468] Run /init as init process
CONFIG_SECCOMP=y
CONFIG_SECCOMP_FILTER=y
# CONFIG_SECCOMP_CACHE_DEBUG is not set
# CONFIG_INET is not set
# CONFIG_NETSTACK3_RUST_LIFECYCLE is not set
CONFIG_NETSTACK3_RUST=y
PASS_NO_NATIVE_LOOPBACK
PASS_NATIVE_PACKET_GENERIC_AND_BPF_BOUNDARIES
[    1.154602] page_pool_test: loading out-of-tree module taints kernel.
[    2.165488] clocksource: Watchdog remote CPU 1 read timed out
[    2.365349] PASS_PAGE_POOL_UNREGISTER_WITHOUT_LOOPBACK

running 14 tests
test filter_tests::compiled_profiles_retain_instruction_headroom ... ok
test filter_tests::filter_programs_do_not_depend_on_descriptor_numbers ... ok
test filter_tests::forbidden_syscalls_and_arguments_kill_the_process ...
running 1 test
[    2.421096] audit: type=1326 audit(1789585731.675:2): auid=4294967295 uid=0 gid=0 ses=4294967295 subj=unconfined pid=74 comm="filter_tests::f" exe="/bin/linux-self-sandbox-tests" sig=31 arch=c000003e syscall=257 compat=0 ip=0x7fc46790f922 code=0x80000000

running 1 test
[    2.425276] audit: type=1326 audit(1789585731.679:3): auid=4294967295 uid=0 gid=0 ses=4294967295 subj=unconfined pid=76 comm="filter_tests::f" exe="/bin/linux-self-sandbox-tests" sig=31 arch=c000003e syscall=32 compat=0 ip=0x7f8cca15ef5b code=0x80000000

running 1 test
[    2.429678] audit: type=1326 audit(1789585731.684:4): auid=4294967295 uid=0 gid=0 ses=4294967295 subj=unconfined pid=78 comm="filter_tests::f" exe="/bin/linux-self-sandbox-tests" sig=31 arch=c000003e syscall=435 compat=0 ip=0x7f418487720d code=0x80000000

running 1 test
[    2.433591] audit: type=1326 audit(1789585731.688:5): auid=4294967295 uid=0 gid=0 ses=4294967295 subj=unconfined pid=80 comm="filter_tests::f" exe="/bin/linux-self-sandbox-tests" sig=31 arch=c000003e syscall=16 compat=0 ip=0x7f8c5fc45fbd code=0x80000000

running 1 test
[    2.437978] audit: type=1326 audit(1789585731.692:6): auid=4294967295 uid=0 gid=0 ses=4294967295 subj=unconfined pid=82 comm="filter_tests::f" exe="/bin/linux-self-sandbox-tests" sig=31 arch=c000003e syscall=234 compat=0 ip=0x7f2d95ad520d code=0x80000000

running 1 test
[    2.441988] audit: type=1326 audit(1789585731.696:7): auid=4294967295 uid=0 gid=0 ses=4294967295 subj=unconfined pid=84 comm="filter_tests::f" exe="/bin/linux-self-sandbox-tests" sig=31 arch=c000003e syscall=44 compat=0 ip=0x7f0b56019922 code=0x80000000

running 1 test
[    2.446363] audit: type=1326 audit(1789585731.701:8): auid=4294967295 uid=0 gid=0 ses=4294967295 subj=unconfined pid=86 comm="filter_tests::f" exe="/bin/linux-self-sandbox-tests" sig=31 arch=c000003e syscall=44 compat=0 ip=0x7f669e401922 code=0x80000000

running 1 test
[    2.450425] audit: type=1326 audit(1789585731.705:9): auid=4294967295 uid=0 gid=0 ses=4294967295 subj=unconfined pid=88 comm="filter_tests::f" exe="/bin/linux-self-sandbox-tests" sig=31 arch=c000003e syscall=7 compat=0 ip=0x7f1d4598a20d code=0x80000000

running 1 test
[    2.454744] audit: type=1326 audit(1789585731.709:10): auid=4294967295 uid=0 gid=0 ses=4294967295 subj=unconfined pid=90 comm="filter_tests::f" exe="/bin/linux-self-sandbox-tests" sig=31 arch=c000003e syscall=257 compat=0 ip=0x7fa1d3271922 code=0x80000000

running 1 test

running 1 test

running 1 test

running 1 test

running 1 test

running 1 test

running 1 test

running 1 test

running 1 test

running 1 test

running 1 test

running 1 test

running 1 test

running 1 test

running 1 test

running 1 test

running 1 test

running 1 test

running 1 test

running 1 test

running 1 test

running 1 test

running 1 test

running 1 test

running 1 test

running 1 test

running 1 test

running 1 test

running 1 test

running 1 test

running 1 test

running 1 test

running 1 test

running 1 test

running 1 test

running 1 test

running 1 test

running 1 test

running 1 test

running 1 test

running 1 test
ok
test filter_tests::mt7921_auxv_query_does_not_allow_prctl_mutation ...
running 1 test

running 1 test

running 1 test

running 1 test
ok
test filter_tests::mt7921_profile_requires_exactly_four_capabilities ... ok
test filter_tests::mt7921_regulatory_database_rights_are_object_enforced ...
running 1 test

running 1 test

running 1 test

running 1 test

running 1 test
ok
test filter_tests::mt7921_runtime_registration_uses_object_identity ...
running 1 test

running 1 test

running 1 test

running 1 test

running 1 test

running 1 test

running 1 test

running 1 test

running 1 test

running 1 test

running 1 test

running 1 test
ok
test filter_tests::mt7921_service_io_uses_possessed_objects ...
running 1 test

running 1 test

running 1 test

running 1 test
ok
test filter_tests::mt7921_tokio_readiness_and_drop_work_after_lockdown ...
running 1 test
ok
test filter_tests::role_positive_paths_execute ... ok
test filter_tests::wcn6750_filtered_activation_and_argument_denials ...
running 1 test

running 1 test

running 1 test

running 1 test

running 1 test

running 1 test

running 1 test

running 1 test

running 1 test

running 1 test
ok
test filter_tests::wcn6750_profile_requires_its_exact_non_aliasing_capabilities ... ok
test filter_tests::wlancfg_application_listener_accept_is_filter_admitted ...
running 1 test
ok
test filter_tests::wlancfg_profile_rejects_missing_aliasing_or_extra_capabilities ... ok

test result: ok. 14 passed; 0 failed; 0 ignored; 0 measured; 0 filtered out; finished in 0.24s

PASS PROVIDER_ABSENT_NO_NATIVE_FALLBACK
PASS_NAMESPACE_SERVICE_LIFETIME
PASS_NAMESPACE_CLAIM_FAILURE_AND_GENERATION_FENCES
netstack3_provider_sandbox_ready=true uid=65534 gid=65534 empty_root=true own_netns=true no_new_privs=true seccomp_default=kill registration_fd=3 endpoint_scope=socket native_loopback=false
PASS_USERSPACE_INTERFACE_IOCTL_NO_NATIVE_LOOPBACK
netstack3_provider_sandbox_ready=true uid=65534 gid=65534 empty_root=true own_netns=true no_new_privs=true seccomp_default=kill registration_fd=3 endpoint_scope=socket native_loopback=false
PASS_NAMESPACE_ADMIN_AUTHORITY
netstack3_provider_sandbox_ready=true uid=65534 gid=65534 empty_root=true own_netns=true no_new_privs=true seccomp_default=kill registration_fd=3 endpoint_scope=socket native_loopback=false
PASS_NAMESPACE_ISOLATION_FD_TRANSFER_AND_WORKER_RESTART
netstack3-provider: claim endpoint: Network is down (os error 100)
netstack3-provider: claim endpoint: Network is down (os error 100)
netstack3_provider_sandbox_ready=true uid=65534 gid=65534 empty_root=true own_netns=true no_new_privs=true seccomp_default=kill registration_fd=3 endpoint_scope=socket native_loopback=false
PASS_NAMESPACE_MANAGER_RESTART
netstack3-provider: claim endpoint: Network is down (os error 100)
PASS_NAMESPACE_LAZY_PROVISION_AND_REAP
PASS ABI6_CLAIM_ROLLBACK_LAZY_ACTIVATION_METADATA
PASS ABI6_TX_BOUND_COPY_TRANSACTION_SEAL_NO_REPLIES
PASS ABI6_RX_OCCUPANCY_ZERO_RECORDS_NO_CREDITS
PASS ABI6_SHARED_FD_RECV_DONTWAIT_SIGNAL_DEADLINE
PASS ABI6_SHARED_FD_SEND_DONTWAIT_SIGNAL_DEADLINE_PARTIAL_DEQUEUE
PASS ABI6_CONTROL_SLOT_CONTENTION
PASS ABI6_ABSOLUTE_DEADLINE_WAKE_FLOOD
PASS ABI6_MALFORMED_MUTATION_FAMILY_REVOKES
PASS ABI6_CONTROL_CANCELLATION
PASS ABI6_ENDPOINT_LIFETIME_QUOTA
PASS ABI6_ENDPOINT_SUITE
PASS PROVIDER_ABSENT_NO_NATIVE_FALLBACK
netstack3_provider_sandbox_ready=true uid=65534 gid=65534 empty_root=true own_netns=true no_new_privs=true seccomp_default=kill registration_fd=3 endpoint_scope=socket native_loopback=false
Name:	netstack3-provi
Umask:	0022
State:	S (sleeping)
Tgid:	291
Ngid:	0
Pid:	291
PPid:	1
TracerPid:	0
Uid:	65534	65534	65534	65534
Gid:	65534	65534	65534	65534
FDSize:	64
Groups:
NStgid:	291
NSpid:	291
NSpgid:	0
NSsid:	0
Kthread:	0
VmPeak:	   10064 kB
VmSize:	   10064 kB
VmLck:	       0 kB
VmPin:	       0 kB
VmHWM:	    6076 kB
VmRSS:	    6076 kB
RssAnon:	     436 kB
RssFile:	      16 kB
RssShmem:	    5624 kB
VmData:	     256 kB
VmStk:	     132 kB
VmExe:	    4584 kB
VmLib:	    2392 kB
VmPTE:	      60 kB
VmSwap:	       0 kB
HugetlbPages:	       0 kB
CoreDumping:	0
THP_enabled:	1
untag_mask:	0xffffffffffffffff
Threads:	1
SigQ:	0/5581
SigPnd:	0000000000000000
ShdPnd:	0000000000000000
SigBlk:	0000000000000000
SigIgn:	0000000000001006
SigCgt:	0000000000000440
CapInh:	0000000000000000
CapPrm:	0000000000000000
CapEff:	0000000000000000
CapBnd:	0000000000000000
CapAmb:	0000000000000000
NoNewPrivs:	1
Seccomp:	2
Seccomp_filters:	1
Speculation_Store_Bypass:	thread vulnerable
SpeculationIndirectBranch:	conditional enabled
Cpus_allowed:	3
Cpus_allowed_list:	0-1
Mems_allowed:	1
Mems_allowed_list:	0
voluntary_ctxt_switches:	1
nonvoluntary_ctxt_switches:	0
x86_Thread_features:
x86_Thread_features_locked:
served_netns=net:[4026531833] provider_netns=net:[4026532076]
SANDBOX_EMPTY_ROOT_VERIFIED

running 66 tests
test child::tests::epoll_scaling_idle_and_deadline_run_under_network_filter ... idle_epoll wall_us=121026 cpu_us=0 waits=1 blocking_waits=1
ok
test child::tests::filtered_emfile_pause_recovers_on_external_resource_timer ... resource_admission mode=emfile capacity=72 waits=80 blocking_waits=80 cpu_us=8561
ok
test child::tests::filtered_resource_derived_admission_exceeds_sixty_four_and_recovers_slot ... resource_admission mode=boundary capacity=72 waits=66 blocking_waits=66 cpu_us=8004
ok
test child::tests::network_filter_allows_runtime_and_teardown ... ok
test child::tests::network_filter_denial_fixture ... ok
test child::tests::network_filter_fixture ... ok
test child::tests::network_filter_forbidden_operations_are_fatal ... [    9.182616] kauditd_printk_skb: 58 callbacks suppressed
[    9.182632] audit: type=1326 audit(1789585738.437:69): auid=4294967295 uid=0 gid=0 ses=4294967295 subj=unconfined pid=320 comm="child::tests::n" exe="/bin/network-service-tests" sig=31 arch=c000003e syscall=41 compat=0 ip=0x7f1e27ce720d code=0x80000000
[    9.188612] audit: type=1326 audit(1789585738.443:70): auid=4294967295 uid=0 gid=0 ses=4294967295 subj=unconfined pid=322 comm="child::tests::n" exe="/bin/network-service-tests" sig=31 arch=c000003e syscall=257 compat=0 ip=0x7f4930e5820d code=0x80000000
[    9.193992] audit: type=1326 audit(1789585738.448:71): auid=4294967295 uid=0 gid=0 ses=4294967295 subj=unconfined pid=324 comm="child::tests::n" exe="/bin/network-service-tests" sig=31 arch=c000003e syscall=16 compat=0 ip=0x7f2a76ef020d code=0x80000000
[    9.199449] audit: type=1326 audit(1789585738.454:72): auid=4294967295 uid=0 gid=0 ses=4294967295 subj=unconfined pid=326 comm="child::tests::n" exe="/bin/network-service-tests" sig=31 arch=c000003e syscall=44 compat=0 ip=0x7f6bd549420d code=0x80000000
[    9.204933] audit: type=1326 audit(1789585738.459:73): auid=4294967295 uid=0 gid=0 ses=4294967295 subj=unconfined pid=328 comm="child::tests::n" exe="/bin/network-service-tests" sig=31 arch=c000003e syscall=45 compat=0 ip=0x7fbf99cb620d code=0x80000000
[    9.210547] audit: type=1326 audit(1789585738.465:74): auid=4294967295 uid=0 gid=0 ses=4294967295 subj=unconfined pid=330 comm="child::tests::n" exe="/bin/network-service-tests" sig=31 arch=c000003e syscall=44 compat=0 ip=0x7f98ef32020d code=0x80000000
[    9.215972] audit: type=1326 audit(1789585738.470:75): auid=4294967295 uid=0 gid=0 ses=4294967295 subj=unconfined pid=332 comm="child::tests::n" exe="/bin/network-service-tests" sig=31 arch=c000003e syscall=288 compat=0 ip=0x7f5fcd99f20d code=0x80000000
[    9.221449] audit: type=1326 audit(1789585738.476:76): auid=4294967295 uid=0 gid=0 ses=4294967295 subj=unconfined pid=334 comm="child::tests::n" exe="/bin/network-service-tests" sig=31 arch=c000003e syscall=72 compat=0 ip=0x7fda8580920d code=0x80000000
[    9.226961] audit: type=1326 audit(1789585738.481:77): auid=4294967295 uid=0 gid=0 ses=4294967295 subj=unconfined pid=336 comm="child::tests::n" exe="/bin/network-service-tests" sig=31 arch=c000003e syscall=72 compat=0 ip=0x7f79d8fdd20d code=0x80000000
[    9.232517] audit: type=1326 audit(1789585738.487:78): auid=4294967295 uid=0 gid=0 ses=4294967295 subj=unconfined pid=338 comm="child::tests::n" exe="/bin/network-service-tests" sig=31 arch=c000003e syscall=233 compat=0 ip=0x7f06e4b1020d code=0x80000000
ok
test child::tests::network_service_filter_fixture ... ok
test child::tests::production_service_core_runs_under_network_filter ... ok
test child::tests::production_socks_relay_runs_under_network_filter ... ok
test child::tests::provider_authority_follows_objects_not_descriptor_numbers ... ok
test child::tests::provider_descriptor_identity_fixture ... ok
test child::tests::provider_ethernet_filter_fixture ... ok
test child::tests::provider_filter_allows_only_scoped_ethernet_frames ... ok
test child::tests::provider_filter_allows_owned_link_control_descriptor ... ok
test child::tests::provider_filter_denial_fixture ... ok
test child::tests::provider_filter_forbidden_operations_are_fatal ... ok
test child::tests::provider_link_control_filter_fixture ... ok
test child::tests::resource_admission_filter_fixture ... ok
test integration_test::associated_link_renews_dns_without_destroying_tcp_then_revokes_on_loss ... ok
test integration_test::epoll_serves_more_than_twenty_four_clients_with_isolated_failures ... ok
test integration_test::idle_epoll_waits_for_deadline_without_busy_polling ... ok
test integration_test::offline_service_returns_socks_network_unreachable_and_keeps_serving ... ok
test integration_test::revoked_frame_generation_exits_and_replacement_starts ... ok
test integration_test::socks_connect_relays_application_bytes_over_ethernet ... ok
test lifecycle::tests::receiver_rejects_unconnected_seqpacket_capability ... ok
test link_control::tests::descriptor_transfer_and_generation_round_trip ... ok
test link_control::tests::interface_reports_fit_budget_and_backpressure_preserves_ack ... ok
test link_control::tests::malformed_and_descriptor_shape_are_rejected ... ok
test netcfg::tests::filtered_netcfg_introduces_and_revokes_device_without_process_authority ...
running 1 test
ok
test provider::tests::loopback_pump_preserves_reentrant_wakes_with_full_event_queue ... ok
test provider::tests::polling_unconnected_tcp_does_not_shutdown_future_connection ... ok
test provider::tests::tcp_buffer_shrink_waits_for_readable_and_out_of_order_bytes ... ok
test provider::tests::tcp_ring_wrap_and_payload_slices_preserve_bytes ... ok
test rtnetlink::tests::address_removal_and_link_loss_emit_scoped_events ... ok
test rtnetlink::tests::dumps_use_real_addresses_and_authenticated_port_id ... ok
test rtnetlink::tests::interface_ioctl_uses_observations_and_authenticated_mutation ... ok
test rtnetlink::tests::loopback_link_events_follow_core_enablement_not_ethernet ... ok
test rtnetlink::tests::loopback_mutation_requires_authenticated_authority_and_exact_scope ... ok
test rtnetlink::tests::unsupported_mutations_are_not_successful_empty_dumps ... ok
test scheduler_tests::admission_is_derived_from_descriptor_and_connection_state_budgets ... ok
test scheduler_tests::epoll_interests_apply_relay_backpressure ... ok
test scheduler_tests::runnable_queue_coalesces_and_preserves_round_robin_order ... ok
test socket_worker::tests::abi4_kernel_frames_are_rejected ... ok
test socket_worker::tests::failed_terminal_handoff_retains_staging_and_fails_the_owner ... ok
test socket_worker::tests::fragmented_oversize_udp_is_local_drop_and_supported_record_follows ... ok
test socket_worker::tests::pending_and_transferred_children_have_exactly_one_lifetime_owner ... ok
test socket_worker::tests::rx_admission_rejects_oversize_before_pending_publication ... ok
test socket_worker::tests::send_task_terminal_handoff_completes_only_after_core_ownership ... ok
test supervisor::tests::accepted_clients_inherit_accounted_listener_socket_buffers ... ok
test supervisor::tests::bootstrap_rejects_eof_before_started ... ok
test supervisor::tests::bootstrap_rejects_non_protocol_bytes ... ok
test supervisor::tests::bootstrap_requires_exact_ready_and_acknowledges_go ... ok
test supervisor::tests::fresh_kernel_registration_survives_an_initial_fd3_open ...
running 1 test

running 1 test
test supervisor::tests::fresh_kernel_registration_survives_an_initial_fd3_open ... ok

test result: ok. 1 passed; 0 failed; 0 ignored; 0 measured; 66 filtered out; finished in 0.01s

ok
test supervisor::tests::kernel_provider_bootstrap_waits_for_network_and_activates_service ... ok
test supervisor::tests::kernel_provider_stays_online_as_a_namespace_while_links_change ...
running 1 test

running 1 test
ok
test supervisor::tests::kernel_replacement_preserves_provider_namespace_and_unclaimed_socket ... ok
test supervisor::tests::lifecycle_receiver_commits_identity_and_closes_failed_install ... ok
test supervisor::tests::lifecycle_receiver_installs_revokes_and_replaces_real_process_capabilities ...
running 1 test

running 1 test
ok
test supervisor::tests::lifecycle_receiver_rejects_bad_records_and_ancillary_descriptors ... ok
test supervisor::tests::lifecycle_receiver_replaces_an_active_generation ...
running 1 test

running 1 test

running 1 test
ok
test supervisor::tests::supervisor_fixture_child ... ok
test supervisor::tests::supervisor_reaps_revoked_generation_before_installing_replacement ...
running 1 test

running 1 test
test supervisor::tests::supervisor_fixture_child ... ok

test result: ok. 1 passed; 0 failed; 0 ignored; 0 measured; 66 filtered out; finished in 0.00s

ok
test supervisor::tests::supervisor_restarts_exited_process_with_retained_generation ...
running 1 test
test supervisor::tests::supervisor_fixture_child ... ok

test result: ok. 1 passed; 0 failed; 0 ignored; 0 measured; 66 filtered out; finished in 0.00s


running 1 test
test supervisor::tests::supervisor_fixture_child ... ok

test result: ok. 1 passed; 0 failed; 0 ignored; 0 measured; 66 filtered out; finished in 0.00s

ok
test supervisor::tests::supervisor_starts_without_a_generation_and_rejects_invalid_mac ... ok
test supervisor::tests::wifi_capability_revocation_requires_a_fresh_generation ...
running 1 test
test supervisor::tests::supervisor_fixture_child ... ok

test result: ok. 1 passed; 0 failed; 0 ignored; 0 measured; 66 filtered out; finished in 0.00s


running 1 test
ok

test result: ok. 66 passed; 0 failed; 0 ignored; 0 measured; 1 filtered out; finished in 5.50s

PASS_ACCEPTED_OPTIONS family=2
PASS_ACCEPTED_OPTIONS family=10
PASS SHUTDOWN_BACKPRESSURE_V4 bytes=1032192
PASS SHUTDOWN_BACKPRESSURE_V6 bytes=1048576
PASS SENDMMSG_UDP_V4
PASS SENDMMSG_UDP_V6
PASS_ANCILLARY_V4
PASS_ANCILLARY_V6
PASS REFUSED family=2 SO_ERROR clears terminal readiness retained
PASS REFUSED family=10 SO_ERROR clears terminal readiness retained
BENCH TCP family=2 seconds=0.046187 MBps=45.41
PASS TCP family=2 bytes=1048713 bidirectional integrity epoll nonblock halfclose dup fork
PASS UDP family=2 zero-datagram source peek truncation nonblock
BENCH TCP family=10 seconds=0.054226 MBps=38.68
PASS TCP family=10 bytes=1048713 bidirectional integrity epoll nonblock halfclose dup fork
PASS UDP family=10 zero-datagram source peek truncation nonblock
PASS LOOPBACK_SUITE
PASS_RX_BACKPRESSURE_WAKE family=2
PASS_RX_BACKPRESSURE_WAKE family=10
BENCH TCP family=2 seconds=0.494745 MBps=271.29
PASS TCP family=2 bytes=67108864 bidirectional integrity epoll nonblock halfclose dup fork
BENCH TCP family=10 seconds=0.510553 MBps=262.89
PASS TCP family=10 bytes=67108864 bidirectional integrity epoll nonblock halfclose dup fork
BENCH_IDLE sockets=128
BENCH TCP family=2 seconds=1.538887 MBps=87.22
PASS TCP family=2 bytes=67108864 bidirectional integrity epoll nonblock halfclose dup fork
BENCH TCP family=10 seconds=1.542227 MBps=87.03
PASS TCP family=10 bytes=67108864 bidirectional integrity epoll nonblock halfclose dup fork
PASS IDLE_SOCKET_TCP
BENCH TCP family=10 seconds=1.381346 MBps=0.76
PASS TCP family=10 bytes=524288 bidirectional integrity epoll nonblock halfclose dup fork
BENCH TCP family=2 seconds=1.379922 MBps=0.76
PASS TCP family=2 bytes=524288 bidirectional integrity epoll nonblock halfclose dup fork
BENCH TCP family=2 seconds=1.417875 MBps=0.74
PASS TCP family=2 bytes=524288 bidirectional integrity epoll nonblock halfclose dup fork
BENCH TCP family=10 seconds=1.419855 MBps=0.74
PASS TCP family=10 bytes=524288 bidirectional integrity epoll nonblock halfclose dup fork
BENCH TCP family=10 seconds=1.421374 MBps=0.74
PASS TCP family=10 bytes=524288 bidirectional integrity epoll nonblock halfclose dup fork
BENCH TCP family=10 seconds=1.420699 MBps=0.74
PASS TCP family=10 bytes=524288 bidirectional integrity epoll nonblock halfclose dup fork
BENCH TCP family=2 seconds=1.421873 MBps=0.74
PASS TCP family=2 bytes=524288 bidirectional integrity epoll nonblock halfclose dup fork
BENCH TCP family=10 seconds=1.422026 MBps=0.74
PASS TCP family=10 bytes=524288 bidirectional integrity epoll nonblock halfclose dup fork
BENCH TCP family=2 seconds=1.428314 MBps=0.73
PASS TCP family=2 bytes=524288 bidirectional integrity epoll nonblock halfclose dup fork
BENCH TCP family=2 seconds=1.428165 MBps=0.73
PASS TCP family=2 bytes=524288 bidirectional integrity epoll nonblock halfclose dup fork
BENCH TCP family=10 seconds=1.429004 MBps=0.73
PASS TCP family=10 bytes=524288 bidirectional integrity epoll nonblock halfclose dup fork
BENCH TCP family=10 seconds=1.427951 MBps=0.73
PASS TCP family=10 bytes=524288 bidirectional integrity epoll nonblock halfclose dup fork
BENCH TCP family=2 seconds=1.428081 MBps=0.73
PASS TCP family=2 bytes=524288 bidirectional integrity epoll nonblock halfclose dup fork
BENCH TCP family=2 seconds=1.428721 MBps=0.73
PASS TCP family=2 bytes=524288 bidirectional integrity epoll nonblock halfclose dup fork
BENCH TCP family=10 seconds=1.434398 MBps=0.73
PASS TCP family=10 bytes=524288 bidirectional integrity epoll nonblock halfclose dup fork
BENCH TCP family=2 seconds=1.438322 MBps=0.73
PASS TCP family=2 bytes=524288 bidirectional integrity epoll nonblock halfclose dup fork
PASS PARALLEL_TCP_16
Killed
PASS PROVIDER_ABSENT_NO_NATIVE_FALLBACK
netstack3_provider_sandbox_ready=true uid=65534 gid=65534 empty_root=true own_netns=true no_new_privs=true seccomp_default=kill registration_fd=3 endpoint_scope=socket native_loopback=false
DEATH_READY
PASS PROVIDER_DEATH_WAKE_AND_NO_RESURRECTION
PASS_ACCEPTED_OPTIONS family=2
PASS_ACCEPTED_OPTIONS family=10
PASS SHUTDOWN_BACKPRESSURE_V4 bytes=1032192
PASS SHUTDOWN_BACKPRESSURE_V6 bytes=1048576
PASS SENDMMSG_UDP_V4
PASS SENDMMSG_UDP_V6
PASS_ANCILLARY_V4
PASS_ANCILLARY_V6
PASS REFUSED family=2 SO_ERROR clears terminal readiness retained
PASS REFUSED family=10 SO_ERROR clears terminal readiness retained
BENCH TCP family=2 seconds=0.051120 MBps=41.03
PASS TCP family=2 bytes=1048713 bidirectional integrity epoll nonblock halfclose dup fork
PASS UDP family=2 zero-datagram source peek truncation nonblock
BENCH TCP family=10 seconds=0.053271 MBps=39.37
PASS TCP family=10 bytes=1048713 bidirectional integrity epoll nonblock halfclose dup fork
PASS UDP family=10 zero-datagram source peek truncation nonblock
PASS LOOPBACK_SUITE
Killed
PASS PROVIDER_ABSENT_NO_NATIVE_FALLBACK
PASS_NETLINK_BOUNDARY

running 1 test
netstack3_provider_sandbox_ready=true uid=65534 gid=65534 empty_root=true own_netns=true no_new_privs=true seccomp_default=kill registration_fd=3 endpoint_scope=socket native_loopback=false
provider_network_status=Acquiring ipv4=None ipv6=None dns=[None, None]
provider_network_status=Bound ipv4=Some([192, 0, 2, 10]) ipv6=None dns=[Some(192.0.2.1), None]
PASS_NSS_RUST_GLIBC_DNS_ABI_THREADS_FORK_TCP
PASS_ACCEPTED_OPTIONS family=2
PASS_ACCEPTED_OPTIONS family=10
PASS SHUTDOWN_BACKPRESSURE_V4 bytes=1032192
PASS SHUTDOWN_BACKPRESSURE_V6 bytes=1048576
PASS SENDMMSG_UDP_V4
PASS SENDMMSG_UDP_V6
PASS_ANCILLARY_V4
PASS_ANCILLARY_V6
PASS REFUSED family=2 SO_ERROR clears terminal readiness retained
PASS REFUSED family=10 SO_ERROR clears terminal readiness retained
BENCH TCP family=2 seconds=0.065412 MBps=32.07
PASS TCP family=2 bytes=1048713 bidirectional integrity epoll nonblock halfclose dup fork
PASS UDP family=2 zero-datagram source peek truncation nonblock
BENCH TCP family=10 seconds=0.054250 MBps=38.66
PASS TCP family=10 bytes=1048713 bidirectional integrity epoll nonblock halfclose dup fork
PASS UDP family=10 zero-datagram source peek truncation nonblock
PASS LOOPBACK_SUITE
PASS_NETLINK_GLIBC_DISCOVERY
PASS_NETLINK_PURE_GO_DISCOVERY
PASS_KERNEL_PROVIDER_LIVE_ETHERNET_LOCALHOST
PASS_NETLINK_ADDRESS_REMOVAL_EVENT
PASS_NETLINK_GLIBC_DISCOVERY
PASS_NETLINK_PURE_GO_DISCOVERY
PASS_ACCEPTED_OPTIONS family=2
PASS_ACCEPTED_OPTIONS family=10
PASS SHUTDOWN_BACKPRESSURE_V4 bytes=1032192
PASS SHUTDOWN_BACKPRESSURE_V6 bytes=1048576
PASS SENDMMSG_UDP_V4
PASS SENDMMSG_UDP_V6
PASS_ANCILLARY_V4
PASS_ANCILLARY_V6
PASS REFUSED family=2 SO_ERROR clears terminal readiness retained
PASS REFUSED family=10 SO_ERROR clears terminal readiness retained
BENCH TCP family=2 seconds=0.038586 MBps=54.36
PASS TCP family=2 bytes=1048713 bidirectional integrity epoll nonblock halfclose dup fork
PASS UDP family=2 zero-datagram source peek truncation nonblock
BENCH TCP family=10 seconds=0.053241 MBps=39.39
PASS TCP family=10 bytes=1048713 bidirectional integrity epoll nonblock halfclose dup fork
PASS UDP family=10 zero-datagram source peek truncation nonblock
PASS LOOPBACK_SUITE
PASS_NSS_OFFLINE_NO_FALLBACK
PASS_NSS_OFFLINE_NO_FALLBACK
PASS_KERNEL_PROVIDER_ETHERNET_DHCP_DNS_TCP
test integration_test::kernel_provider_ethernet_guest_fixture ... ok

test result: ok. 1 passed; 0 failed; 0 ignored; 0 measured; 66 filtered out; finished in 2.52s

PASS PROVIDER_ABSENT_NO_NATIVE_FALLBACK
PASS PROVIDER_ABSENT_NO_NATIVE_FALLBACK
1: lo: <LOOPBACK> mtu 65536 state UNKNOWN ip: SIOCGIFTXQLEN: Not supported

    link/loopback 00:00:00:00:00:00
1: lo: <LOOPBACK> mtu 65536 state UNKNOWN ip: SIOCGIFTXQLEN: Not supported

    link/loopback 00:00:00:00:00:00
1: lo: <LOOPBACK,UP,LOWER_UP> mtu 65536 state UNKNOWN ip: SIOCGIFTXQLEN: Not supported

    link/loopback 00:00:00:00:00:00
    inet 127.0.0.1/8 scope host dynamic
    inet6 ::1/128 scope host dynamic
PASS_ACCEPTED_OPTIONS family=2
PASS_ACCEPTED_OPTIONS family=10
PASS SHUTDOWN_BACKPRESSURE_V4 bytes=1032192
PASS SHUTDOWN_BACKPRESSURE_V6 bytes=1048576
PASS SENDMMSG_UDP_V4
PASS SENDMMSG_UDP_V6
PASS_ANCILLARY_V4
PASS_ANCILLARY_V6
PASS REFUSED family=2 SO_ERROR clears terminal readiness retained
PASS REFUSED family=10 SO_ERROR clears terminal readiness retained
BENCH TCP family=2 seconds=0.047911 MBps=43.78
PASS TCP family=2 bytes=1048713 bidirectional integrity epoll nonblock halfclose dup fork
PASS UDP family=2 zero-datagram source peek truncation nonblock
BENCH TCP family=10 seconds=0.052912 MBps=39.64
PASS TCP family=10 bytes=1048713 bidirectional integrity epoll nonblock halfclose dup fork
PASS UDP family=10 zero-datagram source peek truncation nonblock
PASS LOOPBACK_SUITE
1: lo: <LOOPBACK> mtu 65536 state UNKNOWN ip: SIOCGIFTXQLEN: Not supported

    link/loopback 00:00:00:00:00:00
PASS_ACCEPTED_OPTIONS family=2
PASS_ACCEPTED_OPTIONS family=10
PASS SHUTDOWN_BACKPRESSURE_V4 bytes=1032192
PASS SHUTDOWN_BACKPRESSURE_V6 bytes=1048576
PASS SENDMMSG_UDP_V4
PASS SENDMMSG_UDP_V6
PASS_ANCILLARY_V4
PASS_ANCILLARY_V6
PASS REFUSED family=2 SO_ERROR clears terminal readiness retained
PASS REFUSED family=10 SO_ERROR clears terminal readiness retained
BENCH TCP family=2 seconds=0.047466 MBps=44.19
PASS TCP family=2 bytes=1048713 bidirectional integrity epoll nonblock halfclose dup fork
PASS UDP family=2 zero-datagram source peek truncation nonblock
BENCH TCP family=10 seconds=0.052218 MBps=40.17
PASS TCP family=10 bytes=1048713 bidirectional integrity epoll nonblock halfclose dup fork
PASS UDP family=10 zero-datagram source peek truncation nonblock
PASS LOOPBACK_SUITE
PASS_USER_AND_NETWORK_NAMESPACE
Terminated
netstack3_provider_sandbox_ready=true uid=65534 gid=65534 empty_root=true own_netns=true no_new_privs=true seccomp_default=kill registration_fd=3 endpoint_scope=socket native_loopback=false
netstack3_provider_sandbox_ready=true uid=65534 gid=65534 empty_root=true own_netns=true no_new_privs=true seccomp_default=kill registration_fd=3 endpoint_scope=socket native_loopback=false
PASS_GENERIC_UNSHARE
PASS_KVM_PRODUCTION_LOOPBACK
[   28.156292] ACPI: PM: Preparing to enter system sleep state S5
[   28.157453] reboot: Restarting system
[   28.157776] reboot: machine restart
